Component: ARM Compiler 5.05 update 1 (build 106) Tool: armlink [4d0efa]

==============================================================================

Section Cross References

    main.o(i.Command_Task) refers to strcmp.o(.text) for strcmp
    main.o(i.Command_Task) refers to stm32f4xx_gpio.o(i.GPIO_ToggleBits) for GPIO_ToggleBits
    main.o(i.Command_Task) refers to printfa.o(i.__0printf) for __2printf
    main.o(i.Command_Task) refers to sht20.o(i.sht20_getdata) for sht20_getdata
    main.o(i.Command_Task) refers to pd333.o(i.Flame_Check) for Flame_Check
    main.o(i.Command_Task) refers to tasks.o(i.vTaskDelay) for vTaskDelay
    main.o(i.Command_Task) refers to usart.o(.data) for flag
    main.o(i.Command_Task) refers to usart.o(.bss) for Data
    main.o(i.Command_Task) refers to main.o(.data) for motion_flag
    main.o(i.Motion_Task) refers to sg90.o(i.RunForward) for RunForward
    main.o(i.Motion_Task) refers to oled.o(i.OLED_Clear) for OLED_Clear
    main.o(i.Motion_Task) refers to oled.o(i.OLED_ShowPicture) for OLED_ShowPicture
    main.o(i.Motion_Task) refers to oled.o(i.OLED_Refresh) for OLED_Refresh
    main.o(i.Motion_Task) refers to sg90.o(i.RunBackward) for RunBackward
    main.o(i.Motion_Task) refers to sg90.o(i.Sit) for Sit
    main.o(i.Motion_Task) refers to sg90.o(i.Stand) for Stand
    main.o(i.Motion_Task) refers to tasks.o(i.vTaskDelay) for vTaskDelay
    main.o(i.Motion_Task) refers to main.o(.data) for motion_flag
    main.o(i.OLED_Task) refers to oled.o(i.OLED_Init) for OLED_Init
    main.o(i.OLED_Task) refers to oled.o(i.OLED_Clear) for OLED_Clear
    main.o(i.OLED_Task) refers to oled.o(i.OLED_ShowChinese) for OLED_ShowChinese
    main.o(i.OLED_Task) refers to oled.o(i.OLED_ShowString) for OLED_ShowString
    main.o(i.OLED_Task) refers to oled.o(i.OLED_ShowChar) for OLED_ShowChar
    main.o(i.OLED_Task) refers to oled.o(i.OLED_ShowNum) for OLED_ShowNum
    main.o(i.OLED_Task) refers to oled.o(i.OLED_Refresh) for OLED_Refresh
    main.o(i.OLED_Task) refers to tasks.o(i.vTaskDelay) for vTaskDelay
    main.o(i.OLED_Task) refers to tasks.o(i.vTaskDelete) for vTaskDelete
    main.o(i.OLED_Task) refers to main.o(.data) for t
    main.o(i.Sensor_Task) refers to tasks.o(i.vTaskDelay) for vTaskDelay
    main.o(i.main) refers to systick.o(i.systick_init) for systick_init
    main.o(i.main) refers to systick.o(i.systick_ms) for systick_ms
    main.o(i.main) refers to misc.o(i.NVIC_PriorityGroupConfig) for NVIC_PriorityGroupConfig
    main.o(i.main) refers to led.o(i.Init_led) for Init_led
    main.o(i.main) refers to beep.o(i.Init_beep) for Init_beep
    main.o(i.main) refers to key.o(i.Init_motor_fan) for Init_motor_fan
    main.o(i.main) refers to usart.o(i.Init_usart2) for Init_usart2
    main.o(i.main) refers to sht20.o(i.Init_sht20) for Init_sht20
    main.o(i.main) refers to sg90.o(i.TIM3_PWM_Init) for TIM3_PWM_Init
    main.o(i.main) refers to pd333.o(i.Flame_Init) for Flame_Init
    main.o(i.main) refers to oled.o(i.OLED_Init) for OLED_Init
    main.o(i.main) refers to oled.o(i.OLED_Clear) for OLED_Clear
    main.o(i.main) refers to printfa.o(i.__0printf) for __2printf
    main.o(i.main) refers to tasks.o(i.xTaskCreate) for xTaskCreate
    main.o(i.main) refers to tasks.o(i.vTaskStartScheduler) for vTaskStartScheduler
    main.o(i.main) refers to main.o(.data) for START_handle
    main.o(i.main) refers to main.o(i.start_task) for start_task
    main.o(i.start_task) refers to printfa.o(i.__0printf) for __2printf
    main.o(i.start_task) refers to tasks.o(i.xTaskCreate) for xTaskCreate
    main.o(i.start_task) refers to tasks.o(i.vTaskDelete) for vTaskDelete
    main.o(i.start_task) refers to main.o(.constdata) for __FUNCTION__
    main.o(i.start_task) refers to main.o(.data) for OLEDTask_handle
    main.o(i.start_task) refers to main.o(i.OLED_Task) for OLED_Task
    main.o(i.start_task) refers to main.o(i.Sensor_Task) for Sensor_Task
    main.o(i.start_task) refers to main.o(i.Motion_Task) for Motion_Task
    main.o(i.start_task) refers to main.o(i.Command_Task) for Command_Task
    stm32f4xx_it.o(i.USART2_IRQHandler) refers to stm32f4xx_usart.o(i.USART_GetITStatus) for USART_GetITStatus
    stm32f4xx_it.o(i.USART2_IRQHandler) refers to stm32f4xx_usart.o(i.USART_ReceiveData) for USART_ReceiveData
    stm32f4xx_it.o(i.USART2_IRQHandler) refers to stm32f4xx_usart.o(i.USART_SendData) for USART_SendData
    stm32f4xx_it.o(i.USART2_IRQHandler) refers to stm32f4xx_usart.o(i.USART_ClearITPendingBit) for USART_ClearITPendingBit
    stm32f4xx_it.o(i.USART2_IRQHandler) refers to usart.o(.data) for usart_index
    stm32f4xx_it.o(i.USART2_IRQHandler) refers to usart.o(.bss) for Data
    stm32f4xx_it.o(i.USART3_IRQHandler) refers to stm32f4xx_usart.o(i.USART_GetITStatus) for USART_GetITStatus
    stm32f4xx_it.o(i.USART3_IRQHandler) refers to stm32f4xx_usart.o(i.USART_ReceiveData) for USART_ReceiveData
[...]
    .ARM.Collect$$$$0000000D                 0x08000198   Section        0  entry10a.o(.ARM.Collect$$$$0000000D)
    .ARM.Collect$$$$0000000F                 0x08000198   Section        0  entry11a.o(.ARM.Collect$$$$0000000F)
    .ARM.Collect$$$$00002712                 0x08000198   Section        4  entry2.o(.ARM.Collect$$$$00002712)
    __lit__00000000                          0x08000198   Data           4  entry2.o(.ARM.Collect$$$$00002712)
    .emb_text                                0x0800019c   Section      190  port.o(.emb_text)
    $v0                                      0x0800019c   Number         0  port.o(.emb_text)
    .text                                    0x0800025c   Section       36  startup_stm32f40_41xxx.o(.text)
    $v0                                      0x0800025c   Number         0  startup_stm32f40_41xxx.o(.text)
    .text                                    0x08000280   Section        0  memcpya.o(.text)
    .text                                    0x080002a4   Section        0  memseta.o(.text)
    .text                                    0x080002c8   Section        0  strcmp.o(.text)
    .text                                    0x080002e4   Section        0  dadd.o(.text)
    .text                                    0x08000432   Section        0  dmul.o(.text)
    .text                                    0x08000516   Section        0  ddiv.o(.text)
    .text                                    0x080005f4   Section        0  f2d.o(.text)
    .text                                    0x0800061a   Section        0  d2f.o(.text)
    .text                                    0x08000652   Section        0  uidiv.o(.text)
    .text                                    0x0800067e   Section        0  uldiv.o(.text)
    .text                                    0x080006e0   Section        0  llshl.o(.text)
    .text                                    0x080006fe   Section        0  llsshr.o(.text)
    .text                                    0x08000722   Section        0  iusefp.o(.text)
    .text                                    0x08000722   Section        0  fepilogue.o(.text)
    .text                                    0x08000790   Section        0  depilogue.o(.text)
    .text                                    0x0800084a   Section        0  dfixul.o(.text)
    .text                                    0x0800087c   Section       48  cdrcmple.o(.text)
    .text                                    0x080008ac   Section       36  init.o(.text)
    .text                                    0x080008d0   Section        0  llushr.o(.text)
    .text                                    0x080008f0   Section        0  __dclz77c.o(.text)
    i.BusFault_Handler                       0x0800094e   Section        0  stm32f4xx_it.o(i.BusFault_Handler)
    i.Command_Task                           0x08000954   Section        0  main.o(i.Command_Task)
    i.DebugMon_Handler                       0x08000bbc   Section        0  stm32f4xx_it.o(i.DebugMon_Handler)
    i.Flame_Check                            0x08000bc0   Section        0  pd333.o(i.Flame_Check)
    i.Flame_Init                             0x08000c6c   Section        0  pd333.o(i.Flame_Init)
    i.GPIO_Init                              0x08000c94   Section        0  stm32f4xx_gpio.o(i.GPIO_Init)
    i.GPIO_PinAFConfig                       0x08000d24   Section        0  stm32f4xx_gpio.o(i.GPIO_PinAFConfig)
    i.GPIO_ReadInputDataBit                  0x08000d6a   Section        0  stm32f4xx_gpio.o(i.GPIO_ReadInputDataBit)
    i.GPIO_ResetBits                         0x08000d7c   Section        0  stm32f4xx_gpio.o(i.GPIO_ResetBits)
    i.GPIO_SetBits                           0x08000d80   Section        0  stm32f4xx_gpio.o(i.GPIO_SetBits)
    i.GPIO_ToggleBits                        0x08000d84   Section        0  stm32f4xx_gpio.o(i.GPIO_ToggleBits)
    i.HardFault_Handler                      0x08000d8c   Section        0  stm32f4xx_it.o(i.HardFault_Handler)
    i.I2C_Start                              0x08000d90   Section        0  oled.o(i.I2C_Start)
    i.I2C_Stop                               0x08000dcc   Section        0  oled.o(i.I2C_Stop)
    i.I2C_WaitAck                            0x08000df8   Section        0  oled.o(i.I2C_WaitAck)
    i.IIC_delay                              0x08000e2c   Section        0  oled.o(i.IIC_delay)
    i.Init_beep                              0x08000e3c   Section        0  beep.o(i.Init_beep)
    i.Init_iic                               0x08000e7c   Section        0  iic.o(i.Init_iic)
    i.Init_led                               0x08000eb0   Section        0  led.o(i.Init_led)
    i.Init_motor_fan                         0x08000ef0   Section        0  key.o(i.Init_motor_fan)
    i.Init_sht20                             0x08000f34   Section        0  sht20.o(i.Init_sht20)
    i.Init_usart2                            0x08000f3c   Section        0  usart.o(i.Init_usart2)
    i.MemManage_Handler                      0x080010b0   Section        0  stm32f4xx_it.o(i.MemManage_Handler)
    i.Motion_Task                            0x080010b4   Section        0  main.o(i.Motion_Task)
    i.NMI_Handler                            0x080011b4   Section        0  stm32f4xx_it.o(i.NMI_Handler)
    i.NVIC_Init                              0x080011b8   Section        0  misc.o(i.NVIC_Init)
    i.NVIC_PriorityGroupConfig               0x08001230   Section        0  misc.o(i.NVIC_PriorityGroupConfig)
    i.OLED_Clear                             0x08001244   Section        0  oled.o(i.OLED_Clear)
    i.OLED_DrawPoint                         0x08001274   Section        0  oled.o(i.OLED_DrawPoint)
    i.OLED_Init                              0x080012ec   Section        0  oled.o(i.OLED_Init)
    i.OLED_Pow                               0x08001404   Section        0  oled.o(i.OLED_Pow)
    i.OLED_Refresh                           0x0800141c   Section        0  oled.o(i.OLED_Refresh)
    i.OLED_ShowChar                          0x08001484   Section        0  oled.o(i.OLED_ShowChar)
    i.OLED_ShowChinese                       0x080015c0   Section        0  oled.o(i.OLED_ShowChinese)
    i.OLED_ShowNum                           0x080016c4   Section        0  oled.o(i.OLED_ShowNum)
    i.OLED_ShowPicture                       0x08001750   Section        0  oled.o(i.OLED_ShowPicture)
    i.OLED_ShowString                        0x08001826   Section        0  oled.o(i.OLED_ShowString)
    i.OLED_Task                              0x08001870   Section        0  main.o(i.OLED_Task)
    i.OLED_WR_Byte                           0x080019b4   Section        0  oled.o(i.OLED_WR_Byte)
    i.RCC_AHB1PeriphClockCmd                 0x080019ec   Section        0  stm32f4xx_rcc.o(i.RCC_AHB1PeriphClockCmd)
    i.RCC_APB1PeriphClockCmd                 0x08001a0c   Section        0  stm32f4xx_rcc.o(i.RCC_APB1PeriphClockCmd)
    i.RCC_APB2PeriphClockCmd                 0x08001a2c   Section        0  stm32f4xx_rcc.o(i.RCC_APB2PeriphClockCmd)
    i.RCC_GetClocksFreq                      0x08001a4c   Section        0  stm32f4xx_rcc.o(i.RCC_GetClocksFreq)
    i.RunBackward                            0x08001b34   Section        0  sg90.o(i.RunBackward)
    i.RunForward                             0x08001b7e   Section        0  sg90.o(i.RunForward)
    i.Send_Byte                              0x08001bc8   Section        0  oled.o(i.Send_Byte)
    i.Sensor_Task                            0x08001c1c   Section        0  main.o(i.Sensor_Task)
    i.Servo_SetAngle                         0x08001c28   Section        0  sg90.o(i.Servo_SetAngle)
    i.SetSysClock                            0x08001c8c   Section        0  system_stm32f4xx.o(i.SetSysClock)
    SetSysClock                              0x08001c8d   Thumb Code   220  system_stm32f4xx.o(i.SetSysClock)
    i.Sit                                    0x08001d78   Section        0  sg90.o(i.Sit)
    i.Stand                                  0x08001d9c   Section        0  sg90.o(i.Stand)
    i.SysTick_Handler                        0x08001dc0   Section        0  port.o(i.SysTick_Handler)
    i.SystemInit                             0x08001df4   Section        0  system_stm32f4xx.o(i.SystemInit)
    i.TIM3_PWM_Init                          0x08001e5c   Section        0  sg90.o(i.TIM3_PWM_Init)
    i.TIM_ARRPreloadConfig                   0x08001f58   Section        0  stm32f4xx_tim.o(i.TIM_ARRPreloadConfig)
    i.TIM_Cmd                                0x08001f70   Section        0  stm32f4xx_tim.o(i.TIM_Cmd)
    i.TIM_OC1Init                            0x08001f88   Section        0  stm32f4xx_tim.o(i.TIM_OC1Init)
    i.TIM_OC1PreloadConfig                   0x08002004   Section        0  stm32f4xx_tim.o(i.TIM_OC1PreloadConfig)
    i.TIM_OC2Init                            0x08002018   Section        0  stm32f4xx_tim.o(i.TIM_OC2Init)
    i.TIM_OC2PreloadConfig                   0x080020bc   Section        0  stm32f4xx_tim.o(i.TIM_OC2PreloadConfig)
    i.TIM_OC3Init                            0x080020d8   Section        0  stm32f4xx_tim.o(i.TIM_OC3Init)
    i.TIM_OC3PreloadConfig                   0x08002178   Section        0  stm32f4xx_tim.o(i.TIM_OC3PreloadConfig)
    i.TIM_OC4Init                            0x0800218c   Section        0  stm32f4xx_tim.o(i.TIM_OC4Init)
    i.TIM_OC4PreloadConfig                   0x08002204   Section        0  stm32f4xx_tim.o(i.TIM_OC4PreloadConfig)
    i.TIM_SetCompare1                        0x0800221e   Section        0  stm32f4xx_tim.o(i.TIM_SetCompare1)
    i.TIM_SetCompare2                        0x08002222   Section        0  stm32f4xx_tim.o(i.TIM_SetCompare2)
    i.TIM_SetCompare3                        0x08002226   Section        0  stm32f4xx_tim.o(i.TIM_SetCompare3)
    i.TIM_SetCompare4                        0x0800222a   Section        0  stm32f4xx_tim.o(i.TIM_SetCompare4)
    i.TIM_TimeBaseInit                       0x08002230   Section        0  stm32f4xx_tim.o(i.TIM_TimeBaseInit)
    i.USART2_IRQHandler                      0x080022b4   Section        0  stm32f4xx_it.o(i.USART2_IRQHandler)
    i.USART3_IRQHandler                      0x08002334   Section        0  stm32f4xx_it.o(i.USART3_IRQHandler)
    i.USART_ClearFlag                        0x080023d4   Section        0  stm32f4xx_usart.o(i.USART_ClearFlag)
    i.USART_ClearITPendingBit                0x080023e6   Section        0  stm32f4xx_usart.o(i.USART_ClearITPendingBit)
    i.USART_Cmd                              0x08002404   Section        0  stm32f4xx_usart.o(i.USART_Cmd)
    i.USART_GetFlagStatus                    0x0800241c   Section        0  stm32f4xx_usart.o(i.USART_GetFlagStatus)
    i.USART_GetITStatus                      0x08002436   Section        0  stm32f4xx_usart.o(i.USART_GetITStatus)
    i.USART_ITConfig                         0x0800248a   Section        0  stm32f4xx_usart.o(i.USART_ITConfig)
    i.USART_Init                             0x080024d4   Section        0  stm32f4xx_usart.o(i.USART_Init)
    i.USART_ReceiveData                      0x080025a0   Section        0  stm32f4xx_usart.o(i.USART_ReceiveData)
    i.USART_SendData                         0x080025aa   Section        0  stm32f4xx_usart.o(i.USART_SendData)
    i.UsageFault_Handler                     0x080025b2   Section        0  stm32f4xx_it.o(i.UsageFault_Handler)
    i.__0printf                              0x080025b8   Section        0  printfa.o(i.__0printf)
    i.__0sprintf                             0x080025d8   Section        0  printfa.o(i.__0sprintf)
    i.__scatterload_copy                     0x08002600   Section       14  handlers.o(i.__scatterload_copy)
    i.__scatterload_null                     0x0800260e   Section        2  handlers.o(i.__scatterload_null)
    i.__scatterload_zeroinit                 0x08002610   Section       14  handlers.o(i.__scatterload_zeroinit)
    i._fp_digits                             0x08002620   Section        0  printfa.o(i._fp_digits)
    _fp_digits                               0x08002621   Thumb Code   334  printfa.o(i._fp_digits)
    i._printf_core                           0x08002784   Section        0  printfa.o(i._printf_core)
    _printf_core                             0x08002785   Thumb Code  1744  printfa.o(i._printf_core)
    i._printf_post_padding                   0x08002e60   Section        0  printfa.o(i._printf_post_padding)
    _printf_post_padding                     0x08002e61   Thumb Code    36  printfa.o(i._printf_post_padding)
    i._printf_pre_padding                    0x08002e84   Section        0  printfa.o(i._printf_pre_padding)
    _printf_pre_padding                      0x08002e85   Thumb Code    46  printfa.o(i._printf_pre_padding)
    i._sputc                                 0x08002eb2   Section        0  printfa.o(i._sputc)
    _sputc                                   0x08002eb3   Thumb Code    10  printfa.o(i._sputc)
    i.delay_us                               0x08002ebc   Section        0  systick.o(i.delay_us)
    i.fputc                                  0x08002f10   Section        0  usart.o(i.fputc)
    i.iic_in                                 0x08002f3c   Section        0  iic.o(i.iic_in)
    i.iic_out                                0x08002f68   Section        0  iic.o(i.iic_out)
    i.iic_readdata                           0x08002f94   Section        0  iic.o(i.iic_readdata)
    i.iic_sendACK                            0x08003000   Section        0  iic.o(i.iic_sendACK)
    i.iic_sendNoACK                          0x08003034   Section        0  iic.o(i.iic_sendNoACK)
    i.iic_senddata                           0x08003068   Section        0  iic.o(i.iic_senddata)
    i.iic_start                              0x080030c4   Section        0  iic.o(i.iic_start)
    i.iic_stop                               0x08003104   Section        0  iic.o(i.iic_stop)
    i.iic_waitACK                            0x0800313c   Section        0  iic.o(i.iic_waitACK)
    i.main                                   0x08003184   Section        0  main.o(i.main)
    i.prvAddCurrentTaskToDelayedList         0x08003208   Section        0  tasks.o(i.prvAddCurrentTaskToDelayedList)
    prvAddCurrentTaskToDelayedList           0x08003209   Thumb Code   164  tasks.o(i.prvAddCurrentTaskToDelayedList)
    i.prvAddNewTaskToReadyList               0x080032c8   Section        0  tasks.o(i.prvAddNewTaskToReadyList)
    prvAddNewTaskToReadyList                 0x080032c9   Thumb Code   206  tasks.o(i.prvAddNewTaskToReadyList)
    i.prvCheckForValidListAndQueue           0x080033b4   Section        0  timers.o(i.prvCheckForValidListAndQueue)
    prvCheckForValidListAndQueue             0x080033b5   Thumb Code    72  timers.o(i.prvCheckForValidListAndQueue)
    i.prvCheckTasksWaitingTermination        0x08003418   Section        0  tasks.o(i.prvCheckTasksWaitingTermination)
    prvCheckTasksWaitingTermination          0x08003419   Thumb Code    60  tasks.o(i.prvCheckTasksWaitingTermination)
    i.prvCopyDataFromQueue                   0x08003460   Section        0  queue.o(i.prvCopyDataFromQueue)
    prvCopyDataFromQueue                     0x08003461   Thumb Code    42  queue.o(i.prvCopyDataFromQueue)
    i.prvDeleteTCB                           0x0800348a   Section        0  tasks.o(i.prvDeleteTCB)
    prvDeleteTCB                             0x0800348b   Thumb Code    18  tasks.o(i.prvDeleteTCB)
    i.prvGetNextExpireTime                   0x0800349c   Section        0  timers.o(i.prvGetNextExpireTime)
    prvGetNextExpireTime                     0x0800349d   Thumb Code    36  timers.o(i.prvGetNextExpireTime)
    i.prvHeapInit                            0x080034c4   Section        0  heap_4.o(i.prvHeapInit)
    prvHeapInit                              0x080034c5   Thumb Code    90  heap_4.o(i.prvHeapInit)
    i.prvIdleTask                            0x08003534   Section        0  tasks.o(i.prvIdleTask)
    prvIdleTask                              0x08003535   Thumb Code    32  tasks.o(i.prvIdleTask)
    i.prvInitialiseNewQueue                  0x0800355c   Section        0  queue.o(i.prvInitialiseNewQueue)
    prvInitialiseNewQueue                    0x0800355d   Thumb Code    42  queue.o(i.prvInitialiseNewQueue)
    i.prvInitialiseNewTask                   0x08003586   Section        0  tasks.o(i.prvInitialiseNewTask)
    prvInitialiseNewTask                     0x08003587   Thumb Code   204  tasks.o(i.prvInitialiseNewTask)
    i.prvInitialiseTaskLists                 0x08003654   Section        0  tasks.o(i.prvInitialiseTaskLists)
    prvInitialiseTaskLists                   0x08003655   Thumb Code    70  tasks.o(i.prvInitialiseTaskLists)
    i.prvInsertBlockIntoFreeList             0x080036bc   Section        0  heap_4.o(i.prvInsertBlockIntoFreeList)
    prvInsertBlockIntoFreeList               0x080036bd   Thumb Code    96  heap_4.o(i.prvInsertBlockIntoFreeList)
    i.prvInsertTimerInActiveList             0x08003724   Section        0  timers.o(i.prvInsertTimerInActiveList)
    prvInsertTimerInActiveList               0x08003725   Thumb Code    80  timers.o(i.prvInsertTimerInActiveList)
    i.prvIsQueueEmpty                        0x0800377c   Section        0  queue.o(i.prvIsQueueEmpty)
    prvIsQueueEmpty                          0x0800377d   Thumb Code    26  queue.o(i.prvIsQueueEmpty)
    i.prvProcessExpiredTimer                 0x08003798   Section        0  timers.o(i.prvProcessExpiredTimer)
    prvProcessExpiredTimer                   0x08003799   Thumb Code    62  timers.o(i.prvProcessExpiredTimer)
    i.prvProcessReceivedCommands             0x080037dc   Section        0  timers.o(i.prvProcessReceivedCommands)
    prvProcessReceivedCommands               0x080037dd   Thumb Code   280  timers.o(i.prvProcessReceivedCommands)
    i.prvProcessTimerOrBlockTask             0x080038f8   Section        0  timers.o(i.prvProcessTimerOrBlockTask)
    prvProcessTimerOrBlockTask               0x080038f9   Thumb Code   102  timers.o(i.prvProcessTimerOrBlockTask)
    i.prvReloadTimer                         0x0800396c   Section        0  timers.o(i.prvReloadTimer)
    prvReloadTimer                           0x0800396d   Thumb Code    40  timers.o(i.prvReloadTimer)
    i.prvResetNextTaskUnblockTime            0x08003994   Section        0  tasks.o(i.prvResetNextTaskUnblockTime)
    prvResetNextTaskUnblockTime              0x08003995   Thumb Code    40  tasks.o(i.prvResetNextTaskUnblockTime)
    i.prvSampleTimeNow                       0x080039c4   Section        0  timers.o(i.prvSampleTimeNow)
    prvSampleTimeNow                         0x080039c5   Thumb Code    40  timers.o(i.prvSampleTimeNow)
    i.prvSwitchTimerLists                    0x080039f0   Section        0  timers.o(i.prvSwitchTimerLists)
    prvSwitchTimerLists                      0x080039f1   Thumb Code    58  timers.o(i.prvSwitchTimerLists)
    i.prvTaskExitError                       0x08003a34   Section        0  port.o(i.prvTaskExitError)
    prvTaskExitError                         0x08003a35   Thumb Code    60  port.o(i.prvTaskExitError)
    i.prvTimerTask                           0x08003a74   Section        0  timers.o(i.prvTimerTask)
    prvTimerTask                             0x08003a75   Thumb Code    26  timers.o(i.prvTimerTask)
    i.prvUnlockQueue                         0x08003a8e   Section        0  queue.o(i.prvUnlockQueue)
    prvUnlockQueue                           0x08003a8f   Thumb Code   126  queue.o(i.prvUnlockQueue)
    i.pvPortMalloc                           0x08003b0c   Section        0  heap_4.o(i.pvPortMalloc)
    i.pxPortInitialiseStack                  0x08003c38   Section        0  port.o(i.pxPortInitialiseStack)
    i.sht20_getdata                          0x08003c64   Section        0  sht20.o(i.sht20_getdata)
    i.sht20_humdata                          0x08003e30   Section        0  sht20.o(i.sht20_humdata)
    i.sht20_temdata                          0x08003ea6   Section        0  sht20.o(i.sht20_temdata)
    i.start_task                             0x08003f1c   Section        0  main.o(i.start_task)
    i.systick_init                           0x08003fec   Section        0  systick.o(i.systick_init)
    i.systick_ms                             0x0800402c   Section        0  systick.o(i.systick_ms)
    i.uxListRemove                           0x080040a4   Section        0  list.o(i.uxListRemove)
    i.vListInitialise                        0x080040cc   Section        0  list.o(i.vListInitialise)
    i.vListInitialiseItem                    0x080040e6   Section        0  list.o(i.vListInitialiseItem)
    i.vListInsert                            0x080040ec   Section        0  list.o(i.vListInsert)
    i.vListInsertEnd                         0x08004120   Section        0  list.o(i.vListInsertEnd)
    i.vPortEnterCritical                     0x08004138   Section        0  port.o(i.vPortEnterCritical)
    i.vPortExitCritical                      0x0800418c   Section        0  port.o(i.vPortExitCritical)
    i.vPortFree                              0x080041c8   Section        0  heap_4.o(i.vPortFree)
    i.vPortSetupTimerInterrupt               0x08004254   Section        0  port.o(i.vPortSetupTimerInterrupt)
    i.vQueueAddToRegistry                    0x0800427c   Section        0  queue.o(i.vQueueAddToRegistry)
    i.vQueueWaitForMessageRestricted         0x080042dc   Section        0  queue.o(i.vQueueWaitForMessageRestricted)
    i.vTaskDelay                             0x08004328   Section        0  tasks.o(i.vTaskDelay)
    i.vTaskDelete                            0x08004384   Section        0  tasks.o(i.vTaskDelete)
    i.vTaskInternalSetTimeOutState           0x08004480   Section        0  tasks.o(i.vTaskInternalSetTimeOutState)
    i.vTaskMissedYield                       0x08004498   Section        0  tasks.o(i.vTaskMissedYield)
    i.vTaskPlaceOnEventList                  0x080044a4   Section        0  tasks.o(i.vTaskPlaceOnEventList)
    i.vTaskPlaceOnEventListRestricted        0x080044dc   Section        0  tasks.o(i.vTaskPlaceOnEventListRestricted)
    i.vTaskStartScheduler                    0x08004540   Section        0  tasks.o(i.vTaskStartScheduler)
    i.vTaskSuspendAll                        0x080045dc   Section        0  tasks.o(i.vTaskSuspendAll)
    i.vTaskSwitchContext                     0x080045ec   Section        0  tasks.o(i.vTaskSwitchContext)
    i.xPortStartScheduler                    0x08004678   Section        0  port.o(i.xPortStartScheduler)
    i.xQueueGenericCreate                    0x080047e0   Section        0  queue.o(i.xQueueGenericCreate)
    i.xQueueGenericReset                     0x08004848   Section        0  queue.o(i.xQueueGenericReset)
    i.xQueueReceive                          0x08004924   Section        0  queue.o(i.xQueueReceive)
    i.xTaskCheckForTimeOut                   0x08004a8c   Section        0  tasks.o(i.xTaskCheckForTimeOut)
    i.xTaskCreate                            0x08004b1c   Section        0  tasks.o(i.xTaskCreate)
    i.xTaskGetSchedulerState                 0x08004b84   Section        0  tasks.o(i.xTaskGetSchedulerState)
    i.xTaskGetTickCount                      0x08004ba4   Section        0  tasks.o(i.xTaskGetTickCount)
    i.xTaskIncrementTick                     0x08004bb0   Section        0  tasks.o(i.xTaskIncrementTick)
    i.xTaskRemoveFromEventList               0x08004d6c   Section        0  tasks.o(i.xTaskRemoveFromEventList)
    i.xTaskResumeAll                         0x08004e8c   Section        0  tasks.o(i.xTaskResumeAll)
    i.xTimerCreateTimerTask                  0x08005004   Section        0  timers.o(i.xTimerCreateTimerTask)
    .constdata                               0x0800505c   Section       11  main.o(.constdata)
    __FUNCTION__                             0x0800505c   Data          11  main.o(.constdata)
    .constdata                               0x08005067   Section     7696  oled.o(.constdata)
    .data                                    0x20000000   Section    13853  main.o(.data)
    step                                     0x2000361c   Data           1  main.o(.data)
    .data                                    0x2000361e   Section        4  systick.o(.data)
    fs_us                                    0x2000361e   Data           2  systick.o(.data)
    fs_ms                                    0x20003620   Data           2  systick.o(.data)
    .data                                    0x20003622   Section        2  usart.o(.data)
    .data                                    0x20003624   Section       20  system_stm32f4xx.o(.data)
    .data                                    0x20003638   Section       16  stm32f4xx_rcc.o(.data)
    APBAHBPrescTable                         0x20003638   Data          16  stm32f4xx_rcc.o(.data)
    .data                                    0x20003648   Section       64  tasks.o(.data)
    pxDelayedTaskList                        0x2000364c   Data           4  tasks.o(.data)
    pxOverflowDelayedTaskList                0x20003650   Data           4  tasks.o(.data)
    uxDeletedTasksWaitingCleanUp             0x20003654   Data           4  tasks.o(.data)
    uxCurrentNumberOfTasks                   0x20003658   Data           4  tasks.o(.data)
    xTickCount                               0x2000365c   Data           4  tasks.o(.data)
    uxTopReadyPriority                       0x20003660   Data           4  tasks.o(.data)
    xSchedulerRunning                        0x20003664   Data           4  tasks.o(.data)
    xPendedTicks                             0x20003668   Data           4  tasks.o(.data)
    xYieldPending                            0x2000366c   Data           4  tasks.o(.data)
    xNumOfOverflows                          0x20003670   Data           4  tasks.o(.data)
    uxTaskNumber                             0x20003674   Data           4  tasks.o(.data)
    xNextTaskUnblockTime                     0x20003678   Data           4  tasks.o(.data)
    xIdleTaskHandle                          0x2000367c   Data           4  tasks.o(.data)
    uxSchedulerSuspended                     0x20003684   Data           4  tasks.o(.data)
    .data                                    0x20003688   Section       20  timers.o(.data)
    pxCurrentTimerList                       0x20003688   Data           4  timers.o(.data)
    pxOverflowTimerList                      0x2000368c   Data           4  timers.o(.data)
    xTimerQueue                              0x20003690   Data           4  timers.o(.data)
    xTimerTaskHandle                         0x20003694   Data           4  timers.o(.data)
    xLastTime                                0x20003698   Data           4  timers.o(.data)
    .data                                    0x2000369c   Section       28  heap_4.o(.data)
    xStart                                   0x2000369c   Data           8  heap_4.o(.data)
    pxEnd                                    0x200036a4   Data           4  heap_4.o(.data)
    xFreeBytesRemaining                      0x200036a8   Data           4  heap_4.o(.data)
    xMinimumEverFreeBytesRemaining           0x200036ac   Data           4  heap_4.o(.data)
    xNumberOfSuccessfulAllocations           0x200036b0   Data           4  heap_4.o(.data)
    xNumberOfSuccessfulFrees                 0x200036b4   Data           4  heap_4.o(.data)
    .data                                    0x200036b8   Section       12  port.o(.data)
    uxCriticalNesting                        0x200036b8   Data           4  port.o(.data)
    ucMaxSysCallPriority                     0x200036bc   Data           1  port.o(.data)
    ulMaxPRIGROUPValue                       0x200036c0   Data           4  port.o(.data)
    .data                                    0x200036c4   Section        4  stdout.o(.data)
    .bss                                     0x200036c8   Section      100  usart.o(.bss)
    .bss                                     0x2000372c   Section       12  sht20.o(.bss)
    .bss                                     0x20003738   Section     1152  oled.o(.bss)
    .bss                                     0x20003bb8   Section       64  queue.o(.bss)
    .bss                                     0x20003bf8   Section      200  tasks.o(.bss)
    pxReadyTasksLists                        0x20003bf8   Data         100  tasks.o(.bss)
    xDelayedTaskList1                        0x20003c5c   Data          20  tasks.o(.bss)
    xDelayedTaskList2                        0x20003c70   Data          20  tasks.o(.bss)
    xPendingReadyList                        0x20003c84   Data          20  tasks.o(.bss)
    xTasksWaitingTermination                 0x20003c98   Data          20  tasks.o(.bss)
    xSuspendedTaskList                       0x20003cac   Data          20  tasks.o(.bss)
    .bss                                     0x20003cc0   Section       40  timers.o(.bss)
    xActiveTimerList1                        0x20003cc0   Data          20  timers.o(.bss)
    xActiveTimerList2                        0x20003cd4   Data          20  timers.o(.bss)
    .bss                                     0x20003ce8   Section    76800  heap_4.o(.bss)
    ucHeap                                   0x20003ce8   Data       76800  heap_4.o(.bss)
    STACK                                    0x200168e8   Section     1024  startup_stm32f40_41xxx.o(STACK)

    Global Symbols

    Symbol Name                              Value     Ov Type        Size  Object(Section)

    BuildAttributes$$THM_ISAv4$E$P$D$K$B$S$7EM$VFPi3$EXTD16$VFPS$VFMA$PE$A:L22UL41UL21$X:L11$S22US41US21$IEEE1$IW$USESV6$~STKCKD$USESV7$~SHL$OTIME$ROPI$EBA8$MICROLIB$REQ8$PRES8$EABIv2 0x00000000   Number         0  anon$$obj.o ABSOLUTE
    __ARM_use_no_argv                        0x00000000   Number         0  main.o ABSOLUTE
    _printf_a                                0x00000000   Number         0  stubs.o ABSOLUTE
    _printf_c                                0x00000000   Number         0  stubs.o ABSOLUTE
    _printf_charcount                        0x00000000   Number         0  stubs.o ABSOLUTE
    _printf_d                                0x00000000   Number         0  stubs.o ABSOLUTE
    _printf_e                                0x00000000   Number         0  stubs.o ABSOLUTE
    _printf_f                                0x00000000   Number         0  stubs.o ABSOLUTE
    _printf_flags                            0x00000000   Number         0  stubs.o ABSOLUTE
    _printf_fp_dec                           0x00000000   Number         0  stubs.o ABSOLUTE
    _printf_fp_hex                           0x00000000   Number         0  stubs.o ABSOLUTE
    _printf_g                                0x00000000   Number         0  stubs.o ABSOLUTE
    _printf_i                                0x00000000   Number         0  stubs.o ABSOLUTE
    _printf_int_dec                          0x00000000   Number         0  stubs.o ABSOLUTE
    _printf_l                                0x00000000   Number         0  stubs.o ABSOLUTE
    _printf_lc                               0x00000000   Number         0  stubs.o ABSOLUTE
    _printf_ll                               0x00000000   Number         0  stubs.o ABSOLUTE
    _printf_lld                              0x00000000   Number         0  stubs.o ABSOLUTE
    _printf_lli                              0x00000000   Number         0  stubs.o ABSOLUTE
    _printf_llo                              0x00000000   Number         0  stubs.o ABSOLUTE
    _printf_llu                              0x00000000   Number         0  stubs.o ABSOLUTE
    _printf_llx                              0x00000000   Number         0  stubs.o ABSOLUTE
    _printf_longlong_dec                     0x00000000   Number         0  stubs.o ABSOLUTE
    _printf_longlong_hex                     0x00000000   Number         0  stubs.o ABSOLUTE
    _printf_longlong_oct                     0x00000000   Number         0  stubs.o ABSOLUTE
    _printf_ls                               0x00000000   Number         0  stubs.o ABSOLUTE
    _printf_mbtowc                           0x00000000   Number         0  stubs.o ABSOLUTE
    _printf_n                                0x00000000   Number         0  stubs.o ABSOLUTE
    _printf_o                                0x00000000   Number         0  stubs.o ABSOLUTE
    _printf_p                                0x00000000   Number         0  stubs.o ABSOLUTE
    _printf_percent                          0x00000000   Number         0  stubs.o ABSOLUTE
    _printf_pre_padding                      0x00000000   Number         0  stubs.o ABSOLUTE
    _printf_return_value                     0x00000000   Number         0  stubs.o ABSOLUTE
    _printf_s                                0x00000000   Number         0  stubs.o ABSOLUTE
    _printf_sizespec                         0x00000000   Number         0  stubs.o ABSOLUTE
    _printf_str                              0x00000000   Number         0  stubs.o ABSOLUTE
    _printf_truncate_signed                  0x00000000   Number         0  stubs.o ABSOLUTE
    _printf_truncate_unsigned                0x00000000   Number         0  stubs.o ABSOLUTE
    _printf_u                                0x00000000   Number         0  stubs.o ABSOLUTE
    _printf_wc                               0x00000000   Number         0  stubs.o ABSOLUTE
    _printf_wctomb                           0x00000000   Number         0  stubs.o ABSOLUTE
    _printf_widthprec                        0x00000000   Number         0  stubs.o ABSOLUTE
    _printf_x                                0x00000000   Number         0  stubs.o ABSOLUTE
    __cpp_initialize__aeabi_                  - Undefined Weak Reference
    __cxa_finalize                            - Undefined Weak Reference
    _clock_init                               - Undefined Weak Reference
    _microlib_exit                            - Undefined Weak Reference
    __Vectors_Size                           0x00000188   Number         0  startup_stm32f40_41xxx.o ABSOLUTE
    __Vectors                                0x08000000   Data           4  startup_stm32f40_41xxx.o(RESET)
    __Vectors_End                            0x08000188   Data           0  startup_stm32f40_41xxx.o(RESET)
    __main                                   0x08000189   Thumb Code     0  entry.o(.ARM.Collect$$$$00000000)
    _main_stk                                0x08000189   Thumb Code     0  entry2.o(.ARM.Collect$$$$00000001)
    _main_scatterload                        0x0800018d   Thumb Code     0  entry5.o(.ARM.Collect$$$$00000004)
    __main_after_scatterload                 0x08000191   Thumb Code     0  entry5.o(.ARM.Collect$$$$00000004)
    _main_clock                              0x08000191   Thumb Code     0  entry7b.o(.ARM.Collect$$$$00000008)
    _main_cpp_init                           0x08000191   Thumb Code     0  entry8b.o(.ARM.Collect$$$$0000000A)
    _main_init                               0x08000191   Thumb Code     0  entry9a.o(.ARM.Collect$$$$0000000B)
    __rt_final_cpp                           0x08000199   Thumb Code     0  entry10a.o(.ARM.Collect$$$$0000000D)
    __rt_final_exit                          0x08000199   Thumb Code     0  entry11a.o(.ARM.Collect$$$$0000000F)
    SVC_Handler                              0x0800019d   Thumb Code    28  port.o(.emb_text)
    __asm___6_port_c_39a90d8d__prvStartFirstTask 0x080001bd   Thumb Code    36  port.o(.emb_text)
    __asm___6_port_c_39a90d8d__prvEnableVFP  0x080001e5   Thumb Code    16  port.o(.emb_text)
    PendSV_Handler                           0x080001f9   Thumb Code    88  port.o(.emb_text)
    vPortGetIPSR                             0x08000255   Thumb Code     6  port.o(.emb_text)
    Reset_Handler                            0x0800025d   Thumb Code     8  startup_stm32f40_41xxx.o(.text)
    ADC_IRQHandler                           0x08000277   Thumb Code     0  startup_stm32f40_41xxx.o(.text)
    CAN1_RX0_IRQHandler                      0x08000277   Thumb Code     0  startup_stm32f40_41xxx.o(.text)
    CAN1_RX1_IRQHandler                      0x08000277   Thumb Code     0  startup_stm32f40_41xxx.o(.text)
    CAN1_SCE_IRQHandler                      0x08000277   Thumb Code     0  startup_stm32f40_41xxx.o(.text)
    CAN1_TX_IRQHandler                       0x08000277   Thumb Code     0  startup_stm32f40_41xxx.o(.text)
    CAN2_RX0_IRQHandler                      0x08000277   Thumb Code     0  startup_stm32f40_41xxx.o(.text)
    CAN2_RX1_IRQHandler                      0x08000277   Thumb Code     0  startup_stm32f40_41xxx.o(.text)
    CAN2_SCE_IRQHandler                      0x08000277   Thumb Code     0  startup_stm32f40_41xxx.o(.text)
    CAN2_TX_IRQHandler                       0x08000277   Thumb Code     0  startup_stm32f40_41xxx.o(.text)
    CRYP_IRQHandler                          0x08000277   Thumb Code     0  startup_stm32f40_41xxx.o(.text)
    DCMI_IRQHandler                          0x08000277   Thumb Code     0  startup_stm32f40_41xxx.o(.text)
    DMA1_Stream0_IRQHandler                  0x08000277   Thumb Code     0  startup_stm32f40_41xxx.o(.text)
    DMA1_Stream1_IRQHandler                  0x08000277   Thumb Code     0  startup_stm32f40_41xxx.o(.text)
    DMA1_Stream2_IRQHandler                  0x08000277   Thumb Code     0  startup_stm32f40_41xxx.o(.text)
    DMA1_Stream3_IRQHandler                  0x08000277   Thumb Code     0  startup_stm32f40_41xxx.o(.text)
    DMA1_Stream4_IRQHandler                  0x08000277   Thumb Code     0  startup_stm32f40_41xxx.o(.text)
    DMA1_Stream5_IRQHandler                  0x08000277   Thumb Code     0  startup_stm32f40_41xxx.o(.text)
    DMA1_Stream6_IRQHandler                  0x08000277   Thumb Code     0  startup_stm32f40_41xxx.o(.text)
    DMA1_Stream7_IRQHandler                  0x08000277   Thumb Code     0  startup_stm32f40_41xxx.o(.text)
    DMA2_Stream0_IRQHandler                  0x08000277   Thumb Code     0  startup_stm32f40_41xxx.o(.text)
    DMA2_Stream1_IRQHandler                  0x08000277   Thumb Code     0  startup_stm32f40_41xxx.o(.text)
    DMA2_Stream2_IRQHandler                  0x08000277   Thumb Code     0  startup_stm32f40_41xxx.o(.text)
    DMA2_Stream3_IRQHandler                  0x08000277   Thumb Code     0  startup_stm32f40_41xxx.o(.text)
    DMA2_Stream4_IRQHandler                  0x08000277   Thumb Code     0  startup_stm32f40_41xxx.o(.text)
    DMA2_Stream5_IRQHandler                  0x08000277   Thumb Code     0  startup_stm32f40_41xxx.o(.text)
    DMA2_Stream6_IRQHandler                  0x08000277   Thumb Code     0  startup_stm32f40_41xxx.o(.text)
    DMA2_Stream7_IRQHandler                  0x08000277   Thumb Code     0  startup_stm32f40_41xxx.o(.text)
    ETH_IRQHandler                           0x08000277   Thumb Code     0  startup_stm32f40_41xxx.o(.text)
    ETH_WKUP_IRQHandler                      0x08000277   Thumb Code     0  startup_stm32f40_41xxx.o(.text)
    EXTI0_IRQHandler                         0x08000277   Thumb Code     0  startup_stm32f40_41xxx.o(.text)
    EXTI15_10_IRQHandler                     0x08000277   Thumb Code     0  startup_stm32f40_41xxx.o(.text)
    EXTI1_IRQHandler                         0x08000277   Thumb Code     0  startup_stm32f40_41xxx.o(.text)
    EXTI2_IRQHandler                         0x08000277   Thumb Code     0  startup_stm32f40_41xxx.o(.text)
    EXTI3_IRQHandler                         0x08000277   Thumb Code     0  startup_stm32f40_41xxx.o(.text)
    EXTI4_IRQHandler                         0x08000277   Thumb Code     0  startup_stm32f40_41xxx.o(.text)
    EXTI9_5_IRQHandler                       0x08000277   Thumb Code     0  startup_stm32f40_41xxx.o(.text)
    FLASH_IRQHandler                         0x08000277   Thumb Code     0  startup_stm32f40_41xxx.o(.text)
    FPU_IRQHandler                           0x08000277   Thumb Code     0  startup_stm32f40_41xxx.o(.text)
    FSMC_IRQHandler                          0x08000277   Thumb Code     0  startup_stm32f40_41xxx.o(.text)
    HASH_RNG_IRQHandler                      0x08000277   Thumb Code     0  startup_stm32f40_41xxx.o(.text)
    I2C1_ER_IRQHandler                       0x08000277   Thumb Code     0  startup_stm32f40_41xxx.o(.text)
    I2C1_EV_IRQHandler                       0x08000277   Thumb Code     0  startup_stm32f40_41xxx.o(.text)
    I2C2_ER_IRQHandler                       0x08000277   Thumb Code     0  startup_stm32f40_41xxx.o(.text)
    I2C2_EV_IRQHandler                       0x08000277   Thumb Code     0  startup_stm32f40_41xxx.o(.text)
    I2C3_ER_IRQHandler                       0x08000277   Thumb Code     0  startup_stm32f40_41xxx.o(.text)
    I2C3_EV_IRQHandler                       0x08000277   Thumb Code     0  startup_stm32f40_41xxx.o(.text)
    OTG_FS_IRQHandler                        0x08000277   Thumb Code     0  startup_stm32f40_41xxx.o(.text)
    OTG_FS_WKUP_IRQHandler                   0x08000277   Thumb Code     0  startup_stm32f40_41xxx.o(.text)
    OTG_HS_EP1_IN_IRQHandler                 0x08000277   Thumb Code     0  startup_stm32f40_41xxx.o(.text)
    OTG_HS_EP1_OUT_IRQHandler                0x08000277   Thumb Code     0  startup_stm32f40_41xxx.o(.text)
    OTG_HS_IRQHandler                        0x08000277   Thumb Code     0  startup_stm32f40_41xxx.o(.text)
    OTG_HS_WKUP_IRQHandler                   0x08000277   Thumb Code     0  startup_stm32f40_41xxx.o(.text)
    PVD_IRQHandler                           0x08000277   Thumb Code     0  startup_stm32f40_41xxx.o(.text)
    RCC_IRQHandler                           0x08000277   Thumb Code     0  startup_stm32f40_41xxx.o(.text)
    RTC_Alarm_IRQHandler                     0x08000277   Thumb Code     0  startup_stm32f40_41xxx.o(.text)
    RTC_WKUP_IRQHandler                      0x08000277   Thumb Code     0  startup_stm32f40_41xxx.o(.text)
    SDIO_IRQHandler                          0x08000277   Thumb Code     0  startup_stm32f40_41xxx.o(.text)
    SPI1_IRQHandler                          0x08000277   Thumb Code     0  startup_stm32f40_41xxx.o(.text)
    SPI2_IRQHandler                          0x08000277   Thumb Code     0  startup_stm32f40_41xxx.o(.text)
    SPI3_IRQHandler                          0x08000277   Thumb Code     0  startup_stm32f40_41xxx.o(.text)
    TAMP_STAMP_IRQHandler                    0x08000277   Thumb Code     0  startup_stm32f40_41xxx.o(.text)
    TIM1_BRK_TIM9_IRQHandler                 0x08000277   Thumb Code     0  startup_stm32f40_41xxx.o(.text)
    TIM1_CC_IRQHandler                       0x08000277   Thumb Code     0  startup_stm32f40_41xxx.o(.text)
    TIM1_TRG_COM_TIM11_IRQHandler            0x08000277   Thumb Code     0  startup_stm32f40_41xxx.o(.text)
    TIM1_UP_TIM10_IRQHandler                 0x08000277   Thumb Code     0  startup_stm32f40_41xxx.o(.text)
    TIM2_IRQHandler                          0x08000277   Thumb Code     0  startup_stm32f40_41xxx.o(.text)
    TIM3_IRQHandler                          0x08000277   Thumb Code     0  startup_stm32f40_41xxx.o(.text)
    TIM4_IRQHandler                          0x08000277   Thumb Code     0  startup_stm32f40_41xxx.o(.text)
    TIM5_IRQHandler                          0x08000277   Thumb Code     0  startup_stm32f40_41xxx.o(.text)
    TIM6_DAC_IRQHandler                      0x08000277   Thumb Code     0  startup_stm32f40_41xxx.o(.text)
    TIM7_IRQHandler                          0x08000277   Thumb Code     0  startup_stm32f40_41xxx.o(.text)
    TIM8_BRK_TIM12_IRQHandler                0x08000277   Thumb Code     0  startup_stm32f40_41xxx.o(.text)
    TIM8_CC_IRQHandler                       0x08000277   Thumb Code     0  startup_stm32f40_41xxx.o(.text)
    TIM8_TRG_COM_TIM14_IRQHandler            0x08000277   Thumb Code     0  startup_stm32f40_41xxx.o(.text)
    TIM8_UP_TIM13_IRQHandler                 0x08000277   Thumb Code     0  startup_stm32f40_41xxx.o(.text)
    UART4_IRQHandler                         0x08000277   Thumb Code     0  startup_stm32f40_41xxx.o(.text)
    UART5_IRQHandler                         0x08000277   Thumb Code     0  startup_stm32f40_41xxx.o(.text)
    USART1_IRQHandler                        0x08000277   Thumb Code     0  startup_stm32f40_41xxx.o(.text)
    USART6_IRQHandler                        0x08000277   Thumb Code     0  startup_stm32f40_41xxx.o(.text)
    WWDG_IRQHandler                          0x08000277   Thumb Code     0  startup_stm32f40_41xxx.o(.text)
    __aeabi_memcpy                           0x08000281   Thumb Code    36  memcpya.o(.text)
    __aeabi_memcpy4                          0x08000281   Thumb Code     0  memcpya.o(.text)
    __aeabi_memcpy8                          0x08000281   Thumb Code     0  memcpya.o(.text)
    __aeabi_memset                           0x080002a5   Thumb Code    14  memseta.o(.text)
    __aeabi_memset4                          0x080002a5   Thumb Code     0  memseta.o(.text)
    __aeabi_memset8                          0x080002a5   Thumb Code     0  memseta.o(.text)
    __aeabi_memclr                           0x080002b3   Thumb Code     4  memseta.o(.text)
    __aeabi_memclr4                          0x080002b3   Thumb Code     0  memseta.o(.text)
    __aeabi_memclr8                          0x080002b3   Thumb Code     0  memseta.o(.text)
    memset                                   0x080002b7   Thumb Code    18  memseta.o(.text)
    strcmp                                   0x080002c9   Thumb Code    28  strcmp.o(.text)
    __aeabi_dadd                             0x080002e5   Thumb Code   322  dadd.o(.text)
    __aeabi_dsub                             0x08000427   Thumb Code     6  dadd.o(.text)
    __aeabi_drsub                            0x0800042d   Thumb Code     6  dadd.o(.text)
    __aeabi_dmul                             0x08000433   Thumb Code   228  dmul.o(.text)
    __aeabi_ddiv                             0x08000517   Thumb Code   222  ddiv.o(.text)
    __aeabi_f2d                              0x080005f5   Thumb Code    38  f2d.o(.text)
    __aeabi_d2f                              0x0800061b   Thumb Code    56  d2f.o(.text)
    __aeabi_uidiv                            0x08000653   Thumb Code     0  uidiv.o(.text)
    __aeabi_uidivmod                         0x08000653   Thumb Code    44  uidiv.o(.text)
    __aeabi_uldivmod                         0x0800067f   Thumb Code    98  uldiv.o(.text)
    __aeabi_llsl                             0x080006e1   Thumb Code    30  llshl.o(.text)
    _ll_shift_l                              0x080006e1   Thumb Code     0  llshl.o(.text)
    __aeabi_lasr                             0x080006ff   Thumb Code    36  llsshr.o(.text)
    _ll_sshift_r                             0x080006ff   Thumb Code     0  llsshr.o(.text)
    __I$use$fp                               0x08000723   Thumb Code     0  iusefp.o(.text)
    _float_round                             0x08000723   Thumb Code    18  fepilogue.o(.text)
    _float_epilogue                          0x08000735   Thumb Code    92  fepilogue.o(.text)
    _double_round                            0x08000791   Thumb Code    30  depilogue.o(.text)
    _double_epilogue                         0x080007af   Thumb Code   156  depilogue.o(.text)
    __aeabi_d2ulz                            0x0800084b   Thumb Code    48  dfixul.o(.text)
    __aeabi_cdrcmple                         0x0800087d   Thumb Code    48  cdrcmple.o(.text)
    __scatterload                            0x080008ad   Thumb Code    28  init.o(.text)
    __scatterload_rt2                        0x080008ad   Thumb Code     0  init.o(.text)
    __aeabi_llsr                             0x080008d1   Thumb Code    32  llushr.o(.text)
    _ll_ushift_r                             0x080008d1   Thumb Code     0  llushr.o(.text)
    __decompress                             0x080008f1   Thumb Code     0  __dclz77c.o(.text)
    __decompress2                            0x080008f1   Thumb Code    94  __dclz77c.o(.text)
    BusFault_Handler                         0x0800094f   Thumb Code     4  stm32f4xx_it.o(i.BusFault_Handler)
    Command_Task                             0x08000955   Thumb Code   272  main.o(i.Command_Task)
    DebugMon_Handler                         0x08000bbd   Thumb Code     2  stm32f4xx_it.o(i.DebugMon_Handler)
    Flame_Check                              0x08000bc1   Thumb Code   102  pd333.o(i.Flame_Check)
    Flame_Init                               0x08000c6d   Thumb Code    36  pd333.o(i.Flame_Init)
    GPIO_Init                                0x08000c95   Thumb Code   144  stm32f4xx_gpio.o(i.GPIO_Init)
    GPIO_PinAFConfig                         0x08000d25   Thumb Code    70  stm32f4xx_gpio.o(i.GPIO_PinAFConfig)
    GPIO_ReadInputDataBit                    0x08000d6b   Thumb Code    18  stm32f4xx_gpio.o(i.GPIO_ReadInputDataBit)
    GPIO_ResetBits                           0x08000d7d   Thumb Code     4  stm32f4xx_gpio.o(i.GPIO_ResetBits)
    GPIO_SetBits                             0x08000d81   Thumb Code     4  stm32f4xx_gpio.o(i.GPIO_SetBits)
    GPIO_ToggleBits                          0x08000d85   Thumb Code     8  stm32f4xx_gpio.o(i.GPIO_ToggleBits)
    HardFault_Handler                        0x08000d8d   Thumb Code     4  stm32f4xx_it.o(i.HardFault_Handler)
    I2C_Start                                0x08000d91   Thumb Code    56  oled.o(i.I2C_Start)
    I2C_Stop                                 0x08000dcd   Thumb Code    38  oled.o(i.I2C_Stop)
    I2C_WaitAck                              0x08000df9   Thumb Code    46  oled.o(i.I2C_WaitAck)
    IIC_delay                                0x08000e2d   Thumb Code    16  oled.o(i.IIC_delay)
    Init_beep                                0x08000e3d   Thumb Code    60  beep.o(i.Init_beep)
    Init_iic                                 0x08000e7d   Thumb Code    48  iic.o(i.Init_iic)
    Init_led                                 0x08000eb1   Thumb Code    58  led.o(i.Init_led)
    Init_motor_fan                           0x08000ef1   Thumb Code    64  key.o(i.Init_motor_fan)
    Init_sht20                               0x08000f35   Thumb Code     8  sht20.o(i.Init_sht20)
    Init_usart2                              0x08000f3d   Thumb Code   348  usart.o(i.Init_usart2)
    MemManage_Handler                        0x080010b1   Thumb Code     4  stm32f4xx_it.o(i.MemManage_Handler)
    Motion_Task                              0x080010b5   Thumb Code   232  main.o(i.Motion_Task)
    NMI_Handler                              0x080011b5   Thumb Code     2  stm32f4xx_it.o(i.NMI_Handler)
    NVIC_Init                                0x080011b9   Thumb Code   106  misc.o(i.NVIC_Init)
    NVIC_PriorityGroupConfig                 0x08001231   Thumb Code    10  misc.o(i.NVIC_PriorityGroupConfig)
    OLED_Clear                               0x08001245   Thumb Code    42  oled.o(i.OLED_Clear)
    OLED_DrawPoint                           0x08001275   Thumb Code   114  oled.o(i.OLED_DrawPoint)
    OLED_Init                                0x080012ed   Thumb Code   276  oled.o(i.OLED_Init)
    OLED_Pow                                 0x08001405   Thumb Code    22  oled.o(i.OLED_Pow)
    OLED_Refresh                             0x0800141d   Thumb Code   100  oled.o(i.OLED_Refresh)
    OLED_ShowChar                            0x08001485   Thumb Code   300  oled.o(i.OLED_ShowChar)
    OLED_ShowChinese                         0x080015c1   Thumb Code   244  oled.o(i.OLED_ShowChinese)
    OLED_ShowNum                             0x080016c5   Thumb Code   140  oled.o(i.OLED_ShowNum)
    OLED_ShowPicture                         0x08001751   Thumb Code   214  oled.o(i.OLED_ShowPicture)
    OLED_ShowString                          0x08001827   Thumb Code    74  oled.o(i.OLED_ShowString)
    OLED_Task                                0x08001871   Thumb Code   274  main.o(i.OLED_Task)
    OLED_WR_Byte                             0x080019b5   Thumb Code    56  oled.o(i.OLED_WR_Byte)
    RCC_AHB1PeriphClockCmd                   0x080019ed   Thumb Code    26  stm32f4xx_rcc.o(i.RCC_AHB1PeriphClockCmd)
    RCC_APB1PeriphClockCmd                   0x08001a0d   Thumb Code    26  stm32f4xx_rcc.o(i.RCC_APB1PeriphClockCmd)
    RCC_APB2PeriphClockCmd                   0x08001a2d   Thumb Code    26  stm32f4xx_rcc.o(i.RCC_APB2PeriphClockCmd)
    RCC_GetClocksFreq                        0x08001a4d   Thumb Code   214  stm32f4xx_rcc.o(i.RCC_GetClocksFreq)
    RunBackward                              0x08001b35   Thumb Code    74  sg90.o(i.RunBackward)
    RunForward                               0x08001b7f   Thumb Code    74  sg90.o(i.RunForward)
    Send_Byte                                0x08001bc9   Thumb Code    78  oled.o(i.Send_Byte)
    Sensor_Task                              0x08001c1d   Thumb Code    12  main.o(i.Sensor_Task)
    Servo_SetAngle                           0x08001c29   Thumb Code    96  sg90.o(i.Servo_SetAngle)
    Sit                                      0x08001d79   Thumb Code    36  sg90.o(i.Sit)
    Stand                                    0x08001d9d   Thumb Code    36  sg90.o(i.Stand)
    SysTick_Handler                          0x08001dc1   Thumb Code    46  port.o(i.SysTick_Handler)
    SystemInit                               0x08001df5   Thumb Code    88  system_stm32f4xx.o(i.SystemInit)
    TIM3_PWM_Init                            0x08001e5d   Thumb Code   242  sg90.o(i.TIM3_PWM_Init)
    TIM_ARRPreloadConfig                     0x08001f59   Thumb Code    24  stm32f4xx_tim.o(i.TIM_ARRPreloadConfig)
    TIM_Cmd                                  0x08001f71   Thumb Code    24  stm32f4xx_tim.o(i.TIM_Cmd)
    TIM_OC1Init                              0x08001f89   Thumb Code   114  stm32f4xx_tim.o(i.TIM_OC1Init)
    TIM_OC1PreloadConfig                     0x08002005   Thumb Code    18  stm32f4xx_tim.o(i.TIM_OC1PreloadConfig)
    TIM_OC2Init                              0x08002019   Thumb Code   154  stm32f4xx_tim.o(i.TIM_OC2Init)
    TIM_OC2PreloadConfig                     0x080020bd   Thumb Code    26  stm32f4xx_tim.o(i.TIM_OC2PreloadConfig)
    TIM_OC3Init                              0x080020d9   Thumb Code   150  stm32f4xx_tim.o(i.TIM_OC3Init)
    TIM_OC3PreloadConfig                     0x08002179   Thumb Code    18  stm32f4xx_tim.o(i.TIM_OC3PreloadConfig)
    TIM_OC4Init                              0x0800218d   Thumb Code   112  stm32f4xx_tim.o(i.TIM_OC4Init)
    TIM_OC4PreloadConfig                     0x08002205   Thumb Code    26  stm32f4xx_tim.o(i.TIM_OC4PreloadConfig)
    TIM_SetCompare1                          0x0800221f   Thumb Code     4  stm32f4xx_tim.o(i.TIM_SetCompare1)
    TIM_SetCompare2                          0x08002223   Thumb Code     4  stm32f4xx_tim.o(i.TIM_SetCompare2)
    TIM_SetCompare3                          0x08002227   Thumb Code     4  stm32f4xx_tim.o(i.TIM_SetCompare3)
    TIM_SetCompare4                          0x0800222b   Thumb Code     4  stm32f4xx_tim.o(i.TIM_SetCompare4)
    TIM_TimeBaseInit                         0x08002231   Thumb Code   104  stm32f4xx_tim.o(i.TIM_TimeBaseInit)
    USART2_IRQHandler                        0x080022b5   Thumb Code   108  stm32f4xx_it.o(i.USART2_IRQHandler)
    USART3_IRQHandler                        0x08002335   Thumb Code   138  stm32f4xx_it.o(i.USART3_IRQHandler)
    USART_ClearFlag                          0x080023d5   Thumb Code    18  stm32f4xx_usart.o(i.USART_ClearFlag)
    USART_ClearITPendingBit                  0x080023e7   Thumb Code    30  stm32f4xx_usart.o(i.USART_ClearITPendingBit)
    USART_Cmd                                0x08002405   Thumb Code    24  stm32f4xx_usart.o(i.USART_Cmd)
    USART_GetFlagStatus                      0x0800241d   Thumb Code    26  stm32f4xx_usart.o(i.USART_GetFlagStatus)
    USART_GetITStatus                        0x08002437   Thumb Code    84  stm32f4xx_usart.o(i.USART_GetITStatus)
    USART_ITConfig                           0x0800248b   Thumb Code    74  stm32f4xx_usart.o(i.USART_ITConfig)
    USART_Init                               0x080024d5   Thumb Code   196  stm32f4xx_usart.o(i.USART_Init)
    USART_ReceiveData                        0x080025a1   Thumb Code    10  stm32f4xx_usart.o(i.USART_ReceiveData)
    USART_SendData                           0x080025ab   Thumb Code     8  stm32f4xx_usart.o(i.USART_SendData)
    UsageFault_Handler                       0x080025b3   Thumb Code     4  stm32f4xx_it.o(i.UsageFault_Handler)
    __0printf                                0x080025b9   Thumb Code    22  printfa.o(i.__0printf)
    __1printf                                0x080025b9   Thumb Code     0  printfa.o(i.__0printf)
    __2printf                                0x080025b9   Thumb Code     0  printfa.o(i.__0printf)
    __c89printf                              0x080025b9   Thumb Code     0  printfa.o(i.__0printf)
    printf                                   0x080025b9   Thumb Code     0  printfa.o(i.__0printf)
    __0sprintf                               0x080025d9   Thumb Code    34  printfa.o(i.__0sprintf)
    __1sprintf                               0x080025d9   Thumb Code     0  printfa.o(i.__0sprintf)
    __2sprintf                               0x080025d9   Thumb Code     0  printfa.o(i.__0sprintf)
    __c89sprintf                             0x080025d9   Thumb Code     0  printfa.o(i.__0sprintf)
    sprintf                                  0x080025d9   Thumb Code     0  printfa.o(i.__0sprintf)
    __scatterload_copy                       0x08002601   Thumb Code    14  handlers.o(i.__scatterload_copy)
    __scatterload_null                       0x0800260f   Thumb Code     2  handlers.o(i.__scatterload_null)
    __scatterload_zeroinit                   0x08002611   Thumb Code    14  handlers.o(i.__scatterload_zeroinit)
    delay_us                                 0x08002ebd   Thumb Code    74  systick.o(i.delay_us)
    fputc                                    0x08002f11   Thumb Code    40  usart.o(i.fputc)
    iic_in                                   0x08002f3d   Thumb Code    40  iic.o(i.iic_in)
    iic_out                                  0x08002f69   Thumb Code    40  iic.o(i.iic_out)
    iic_readdata                             0x08002f95   Thumb Code   102  iic.o(i.iic_readdata)
    iic_sendACK                              0x08003001   Thumb Code    46  iic.o(i.iic_sendACK)
    iic_sendNoACK                            0x08003035   Thumb Code    46  iic.o(i.iic_sendNoACK)
    iic_senddata                             0x08003069   Thumb Code    88  iic.o(i.iic_senddata)
    iic_start                                0x080030c5   Thumb Code    60  iic.o(i.iic_start)
    iic_stop                                 0x08003105   Thumb Code    52  iic.o(i.iic_stop)
    iic_waitACK                              0x0800313d   Thumb Code    68  iic.o(i.iic_waitACK)
    main                                     0x08003185   Thumb Code    94  main.o(i.main)
    pvPortMalloc                             0x08003b0d   Thumb Code   280  heap_4.o(i.pvPortMalloc)
    pxPortInitialiseStack                    0x08003c39   Thumb Code    38  port.o(i.pxPortInitialiseStack)
    sht20_getdata                            0x08003c65   Thumb Code   354  sht20.o(i.sht20_getdata)
    sht20_humdata                            0x08003e31   Thumb Code   118  sht20.o(i.sht20_humdata)
    sht20_temdata                            0x08003ea7   Thumb Code   118  sht20.o(i.sht20_temdata)
    start_task                               0x08003f1d   Thumb Code   102  main.o(i.start_task)
    systick_init                             0x08003fed   Thumb Code    56  systick.o(i.systick_init)
    systick_ms                               0x0800402d   Thumb Code   114  systick.o(i.systick_ms)
    uxListRemove                             0x080040a5   Thumb Code    40  list.o(i.uxListRemove)
    vListInitialise                          0x080040cd   Thumb Code    26  list.o(i.vListInitialise)
    vListInitialiseItem                      0x080040e7   Thumb Code     6  list.o(i.vListInitialiseItem)
    vListInsert                              0x080040ed   Thumb Code    52  list.o(i.vListInsert)
    vListInsertEnd                           0x08004121   Thumb Code    24  list.o(i.vListInsertEnd)
    vPortEnterCritical                       0x08004139   Thumb Code    76  port.o(i.vPortEnterCritical)
    vPortExitCritical                        0x0800418d   Thumb Code    56  port.o(i.vPortExitCritical)
    vPortFree                                0x080041c9   Thumb Code   132  heap_4.o(i.vPortFree)
    vPortSetupTimerInterrupt                 0x08004255   Thumb Code    36  port.o(i.vPortSetupTimerInterrupt)
    vQueueAddToRegistry                      0x0800427d   Thumb Code    90  queue.o(i.vQueueAddToRegistry)
    vQueueWaitForMessageRestricted           0x080042dd   Thumb Code    74  queue.o(i.vQueueWaitForMessageRestricted)
    vTaskDelay                               0x08004329   Thumb Code    82  tasks.o(i.vTaskDelay)
    vTaskDelete                              0x08004385   Thumb Code   210  tasks.o(i.vTaskDelete)
    vTaskInternalSetTimeOutState             0x08004481   Thumb Code    14  tasks.o(i.vTaskInternalSetTimeOutState)
    vTaskMissedYield                         0x08004499   Thumb Code     8  tasks.o(i.vTaskMissedYield)
    vTaskPlaceOnEventList                    0x080044a5   Thumb Code    52  tasks.o(i.vTaskPlaceOnEventList)
    vTaskPlaceOnEventListRestricted          0x080044dd   Thumb Code    94  tasks.o(i.vTaskPlaceOnEventListRestricted)
    vTaskStartScheduler                      0x08004541   Thumb Code   122  tasks.o(i.vTaskStartScheduler)
    vTaskSuspendAll                          0x080045dd   Thumb Code    12  tasks.o(i.vTaskSuspendAll)
    vTaskSwitchContext                       0x080045ed   Thumb Code   118  tasks.o(i.vTaskSwitchContext)
    xPortStartScheduler                      0x08004679   Thumb Code   330  port.o(i.xPortStartScheduler)
    xQueueGenericCreate                      0x080047e1   Thumb Code   102  queue.o(i.xQueueGenericCreate)
    xQueueGenericReset                       0x08004849   Thumb Code   214  queue.o(i.xQueueGenericReset)
    xQueueReceive                            0x08004925   Thumb Code   356  queue.o(i.xQueueReceive)
    xTaskCheckForTimeOut                     0x08004a8d   Thumb Code   136  tasks.o(i.xTaskCheckForTimeOut)
    xTaskCreate                              0x08004b1d   Thumb Code   104  tasks.o(i.xTaskCreate)
    xTaskGetSchedulerState                   0x08004b85   Thumb Code    24  tasks.o(i.xTaskGetSchedulerState)
    xTaskGetTickCount                        0x08004ba5   Thumb Code     6  tasks.o(i.xTaskGetTickCount)
    xTaskIncrementTick                       0x08004bb1   Thumb Code   398  tasks.o(i.xTaskIncrementTick)
    xTaskRemoveFromEventList                 0x08004d6d   Thumb Code   264  tasks.o(i.xTaskRemoveFromEventList)
    xTaskResumeAll                           0x08004e8d   Thumb Code   338  tasks.o(i.xTaskResumeAll)
    xTimerCreateTimerTask                    0x08005005   Thumb Code    66  timers.o(i.xTimerCreateTimerTask)
    asc2_0806                                0x08005067   Data         552  oled.o(.constdata)
    asc2_1206                                0x0800528f   Data        1140  oled.o(.constdata)
    asc2_1608                                0x08005703   Data        1520  oled.o(.constdata)
    asc2_2412                                0x08005cf3   Data        3420  oled.o(.constdata)
    Hzk1                                     0x08006a4f   Data         352  oled.o(.constdata)
    Hzk2                                     0x08006baf   Data          72  oled.o(.constdata)
    Hzk3                                     0x08006bf7   Data         128  oled.o(.constdata)
    Hzk4                                     0x08006c77   Data         512  oled.o(.constdata)
    Region$$Table$$Base                      0x08006e78   Number         0  anon$$obj.o(Region$$Table)
    Region$$Table$$Limit                     0x08006e98   Number         0  anon$$obj.o(Region$$Table)
    BMP1                                     0x20000000   Data        1024  main.o(.data)
    BMP2                                     0x20000400   Data        1024  main.o(.data)
    liuhan_BMP64                             0x20000800   Data         512  main.o(.data)
    liuhan_BMP128                            0x20000a00   Data        1024  main.o(.data)
    smile128                                 0x20000e00   Data        1024  main.o(.data)
    bigsmile128                              0x20001200   Data        1024  main.o(.data)
    smile2                                   0x20001600   Data        1024  main.o(.data)
    cry128                                   0x20001a00   Data        1024  main.o(.data)
    nohappy128                               0x20001e00   Data        1024  main.o(.data)
    hello                                    0x20002200   Data        1024  main.o(.data)
    run_bmp                                  0x20002600   Data        1024  main.o(.data)
    sit_bmp                                  0x20002a00   Data        1024  main.o(.data)
    stand_bmp                                0x20002e00   Data        1024  main.o(.data)
    back_bmp                                 0x20003200   Data        1024  main.o(.data)
    dir                                      0x20003600   Data           1  main.o(.data)
    led_pwm                                  0x20003602   Data           2  main.o(.data)
    t                                        0x20003604   Data           1  main.o(.data)
    motion_flag                              0x20003605   Data           1  main.o(.data)
    START_handle                             0x20003608   Data           4  main.o(.data)
    OLEDTask_handle                          0x2000360c   Data           4  main.o(.data)
    SensorTask_handle                        0x20003610   Data           4  main.o(.data)
    CommandTask_handle                       0x20003614   Data           4  main.o(.data)
    MotionTask_handle                        0x20003618   Data           4  main.o(.data)
    usart_index                              0x20003622   Data           1  usart.o(.data)
    flag                                     0x20003623   Data           1  usart.o(.data)
    SystemCoreClock                          0x20003624   Data           4  system_stm32f4xx.o(.data)
    AHBPrescTable                            0x20003628   Data          16  system_stm32f4xx.o(.data)
    pxCurrentTCB                             0x20003648   Data           4  tasks.o(.data)
    uxTopUsedPriority                        0x20003680   Data           4  tasks.o(.data)
    __stdout                                 0x200036c4   Data           4  stdout.o(.data)
    Data                                     0x200036c8   Data         100  usart.o(.bss)
    tem_hum_data                             0x2000372c   Data          12  sht20.o(.bss)
    OLED_GRAM                                0x20003738   Data        1152  oled.o(.bss)
    xQueueRegistry                           0x20003bb8   Data          64  queue.o(.bss)
    __initial_sp                             0x20016ce8   Data           0  startup_stm32f40_41xxx.o(STACK)



==============================================================================

Memory Map of the image

  Image Entry point : 0x08000189

  Load Region LR_IROM1 (Base: 0x08000000, Size: 0x0000a560, Max: 0x00100000, ABSOLUTE, COMPRESSED[0x00007b48])

    Execution Region ER_IROM1 (Base: 0x08000000, Size: 0x00006e98, Max: 0x00100000, ABSOLUTE)

    Base Addr    Size         Type   Attr      Idx    E Section Name        Object

    0x08000000   0x00000188   Data   RO         5653    RESET               startup_stm32f40_41xxx.o
    0x08000188   0x00000000   Code   RO         6871  * .ARM.Collect$$$$00000000  mc_w.l(entry.o)
    0x08000188   0x00000004   Code   RO         7155    .ARM.Collect$$$$00000001  mc_w.l(entry2.o)
    0x0800018c   0x00000004   Code   RO         7158    .ARM.Collect$$$$00000004  mc_w.l(entry5.o)
    0x08000190   0x00000000   Code   RO         7160    .ARM.Collect$$$$00000008  mc_w.l(entry7b.o)
    0x08000190   0x00000000   Code   RO         7162    .ARM.Collect$$$$0000000A  mc_w.l(entry8b.o)
    0x08000190   0x00000008   Code   RO         7163    .ARM.Collect$$$$0000000B  mc_w.l(entry9a.o)
    0x08000198   0x00000000   Code   RO         7165    .ARM.Collect$$$$0000000D  mc_w.l(entry10a.o)
    0x08000198   0x00000000   Code   RO         7167    .ARM.Collect$$$$0000000F  mc_w.l(entry11a.o)
    0x08000198   0x00000004   Code   RO         7156    .ARM.Collect$$$$00002712  mc_w.l(entry2.o)
    0x0800019c   0x000000be   Code   RO         6794    .emb_text           port.o
    0x0800025a   0x00000002   PAD
    0x0800025c   0x00000024   Code   RO         5654    .text               startup_stm32f40_41xxx.o
    0x08000280   0x00000024   Code   RO         6874    .text               mc_w.l(memcpya.o)
    0x080002a4   0x00000024   Code   RO         6878    .text               mc_w.l(memseta.o)
    0x080002c8   0x0000001c   Code   RO         6880    .text               mc_w.l(strcmp.o)
    0x080002e4   0x0000014e   Code   RO         7145    .text               mf_w.l(dadd.o)
    0x08000432   0x000000e4   Code   RO         7147    .text               mf_w.l(dmul.o)
    0x08000516   0x000000de   Code   RO         7149    .text               mf_w.l(ddiv.o)
    0x080005f4   0x00000026   Code   RO         7151    .text               mf_w.l(f2d.o)
    0x0800061a   0x00000038   Code   RO         7153    .text               mf_w.l(d2f.o)
    0x08000652   0x0000002c   Code   RO         7170    .text               mc_w.l(uidiv.o)
    0x0800067e   0x00000062   Code   RO         7172    .text               mc_w.l(uldiv.o)
    0x080006e0   0x0000001e   Code   RO         7174    .text               mc_w.l(llshl.o)
    0x080006fe   0x00000024   Code   RO         7176    .text               mc_w.l(llsshr.o)
    0x08000722   0x00000000   Code   RO         7178    .text               mc_w.l(iusefp.o)
    0x08000722   0x0000006e   Code   RO         7179    .text               mf_w.l(fepilogue.o)
    0x08000790   0x000000ba   Code   RO         7181    .text               mf_w.l(depilogue.o)
    0x0800084a   0x00000030   Code   RO         7183    .text               mf_w.l(dfixul.o)
    0x0800087a   0x00000002   PAD
    0x0800087c   0x00000030   Code   RO         7185    .text               mf_w.l(cdrcmple.o)
    0x080008ac   0x00000024   Code   RO         7187    .text               mc_w.l(init.o)
    0x080008d0   0x00000020   Code   RO         7189    .text               mc_w.l(llushr.o)
    0x080008f0   0x0000005e   Code   RO         7199    .text               mc_w.l(__dclz77c.o)
    0x0800094e   0x00000004   Code   RO          242    i.BusFault_Handler  stm32f4xx_it.o
    0x08000952   0x00000002   PAD
    0x08000954   0x00000268   Code   RO            3    i.Command_Task      main.o
    0x08000bbc   0x00000002   Code   RO          243    i.DebugMon_Handler  stm32f4xx_it.o
    0x08000bbe   0x00000002   PAD
    0x08000bc0   0x000000ac   Code   RO          853    i.Flame_Check       pd333.o
    0x08000c6c   0x00000028   Code   RO          854    i.Flame_Init        pd333.o
    0x08000c94   0x00000090   Code   RO         2646    i.GPIO_Init         stm32f4xx_gpio.o
    0x08000d24   0x00000046   Code   RO         2647    i.GPIO_PinAFConfig  stm32f4xx_gpio.o
    0x08000d6a   0x00000012   Code   RO         2650    i.GPIO_ReadInputDataBit  stm32f4xx_gpio.o
    0x08000d7c   0x00000004   Code   RO         2653    i.GPIO_ResetBits    stm32f4xx_gpio.o
    0x08000d80   0x00000004   Code   RO         2654    i.GPIO_SetBits      stm32f4xx_gpio.o
    0x08000d84   0x00000008   Code   RO         2656    i.GPIO_ToggleBits   stm32f4xx_gpio.o
    0x08000d8c   0x00000004   Code   RO          244    i.HardFault_Handler  stm32f4xx_it.o
    0x08000d90   0x0000003c   Code   RO          691    i.I2C_Start         oled.o
    0x08000dcc   0x0000002c   Code   RO          692    i.I2C_Stop          oled.o
    0x08000df8   0x00000034   Code   RO          693    i.I2C_WaitAck       oled.o
    0x08000e2c   0x00000010   Code   RO          694    i.IIC_delay         oled.o
    0x08000e3c   0x00000040   Code   RO          462    i.Init_beep         beep.o
    0x08000e7c   0x00000034   Code   RO          497    i.Init_iic          iic.o
    0x08000eb0   0x00000040   Code   RO          307    i.Init_led          led.o
    0x08000ef0   0x00000044   Code   RO          572    i.Init_motor_fan    key.o
    0x08000f34   0x00000008   Code   RO          647    i.Init_sht20        sht20.o
    0x08000f3c   0x00000174   Code   RO          379    i.Init_usart2       usart.o
    0x080010b0   0x00000004   Code   RO          245    i.MemManage_Handler  stm32f4xx_it.o
    0x080010b4   0x00000100   Code   RO            4    i.Motion_Task       main.o
    0x080011b4   0x00000002   Code   RO          246    i.NMI_Handler       stm32f4xx_it.o
    0x080011b6   0x00000002   PAD
    0x080011b8   0x00000078   Code   RO          923    i.NVIC_Init         misc.o
    0x08001230   0x00000014   Code   RO          924    i.NVIC_PriorityGroupConfig  misc.o
    0x08001244   0x00000030   Code   RO          695    i.OLED_Clear        oled.o
    0x08001274   0x00000078   Code   RO          702    i.OLED_DrawPoint    oled.o
    0x080012ec   0x00000118   Code   RO          703    i.OLED_Init         oled.o
    0x08001404   0x00000016   Code   RO          704    i.OLED_Pow          oled.o
    0x0800141a   0x00000002   PAD
    0x0800141c   0x00000068   Code   RO          705    i.OLED_Refresh      oled.o
    0x08001484   0x0000013c   Code   RO          707    i.OLED_ShowChar     oled.o
    0x080015c0   0x00000104   Code   RO          708    i.OLED_ShowChinese  oled.o
    0x080016c4   0x0000008c   Code   RO          709    i.OLED_ShowNum      oled.o
    0x08001750   0x000000d6   Code   RO          710    i.OLED_ShowPicture  oled.o
    0x08001826   0x0000004a   Code   RO          711    i.OLED_ShowString   oled.o
    0x08001870   0x00000144   Code   RO            5    i.OLED_Task         main.o
    0x080019b4   0x00000038   Code   RO          712    i.OLED_WR_Byte      oled.o
    0x080019ec   0x00000020   Code   RO         3510    i.RCC_AHB1PeriphClockCmd  stm32f4xx_rcc.o
    0x08001a0c   0x00000020   Code   RO         3519    i.RCC_APB1PeriphClockCmd  stm32f4xx_rcc.o
    0x08001a2c   0x00000020   Code   RO         3522    i.RCC_APB2PeriphClockCmd  stm32f4xx_rcc.o
    0x08001a4c   0x000000e8   Code   RO         3531    i.RCC_GetClocksFreq  stm32f4xx_rcc.o
    0x08001b34   0x0000004a   Code   RO          412    i.RunBackward       sg90.o
    0x08001b7e   0x0000004a   Code   RO          413    i.RunForward        sg90.o
    0x08001bc8   0x00000054   Code   RO          713    i.Send_Byte         oled.o
    0x08001c1c   0x0000000c   Code   RO            6    i.Sensor_Task       main.o
    0x08001c28   0x00000064   Code   RO          414    i.Servo_SetAngle    sg90.o
    0x08001c8c   0x000000ec   Code   RO          886    i.SetSysClock       system_stm32f4xx.o
    0x08001d78   0x00000024   Code   RO          415    i.Sit               sg90.o
    0x08001d9c   0x00000024   Code   RO          416    i.Stand             sg90.o
    0x08001dc0   0x00000034   Code   RO         6795    i.SysTick_Handler   port.o
    0x08001df4   0x00000068   Code   RO          888    i.SystemInit        system_stm32f4xx.o
    0x08001e5c   0x000000fc   Code   RO          417    i.TIM3_PWM_Init     sg90.o
    0x08001f58   0x00000018   Code   RO         4845    i.TIM_ARRPreloadConfig  stm32f4xx_tim.o
    0x08001f70   0x00000018   Code   RO         4857    i.TIM_Cmd           stm32f4xx_tim.o
    0x08001f88   0x0000007c   Code   RO         4886    i.TIM_OC1Init       stm32f4xx_tim.o
    0x08002004   0x00000012   Code   RO         4889    i.TIM_OC1PreloadConfig  stm32f4xx_tim.o
    0x08002016   0x00000002   PAD
    0x08002018   0x000000a4   Code   RO         4891    i.TIM_OC2Init       stm32f4xx_tim.o
    0x080020bc   0x0000001a   Code   RO         4894    i.TIM_OC2PreloadConfig  stm32f4xx_tim.o
    0x080020d6   0x00000002   PAD
    0x080020d8   0x000000a0   Code   RO         4896    i.TIM_OC3Init       stm32f4xx_tim.o
    0x08002178   0x00000012   Code   RO         4899    i.TIM_OC3PreloadConfig  stm32f4xx_tim.o
    0x0800218a   0x00000002   PAD
    0x0800218c   0x00000078   Code   RO         4901    i.TIM_OC4Init       stm32f4xx_tim.o
    0x08002204   0x0000001a   Code   RO         4903    i.TIM_OC4PreloadConfig  stm32f4xx_tim.o
    0x0800221e   0x00000004   Code   RO         4919    i.TIM_SetCompare1   stm32f4xx_tim.o
    0x08002222   0x00000004   Code   RO         4920    i.TIM_SetCompare2   stm32f4xx_tim.o
    0x08002226   0x00000004   Code   RO         4921    i.TIM_SetCompare3   stm32f4xx_tim.o
    0x0800222a   0x00000004   Code   RO         4922    i.TIM_SetCompare4   stm32f4xx_tim.o
    0x0800222e   0x00000002   PAD
    0x08002230   0x00000084   Code   RO         4929    i.TIM_TimeBaseInit  stm32f4xx_tim.o
    0x080022b4   0x00000080   Code   RO          247    i.USART2_IRQHandler  stm32f4xx_it.o
    0x08002334   0x000000a0   Code   RO          248    i.USART3_IRQHandler  stm32f4xx_it.o
    0x080023d4   0x00000012   Code   RO         5403    i.USART_ClearFlag   stm32f4xx_usart.o
    0x080023e6   0x0000001e   Code   RO         5404    i.USART_ClearITPendingBit  stm32f4xx_usart.o
    0x08002404   0x00000018   Code   RO         5407    i.USART_Cmd         stm32f4xx_usart.o
    0x0800241c   0x0000001a   Code   RO         5410    i.USART_GetFlagStatus  stm32f4xx_usart.o
    0x08002436   0x00000054   Code   RO         5411    i.USART_GetITStatus  stm32f4xx_usart.o
    0x0800248a   0x0000004a   Code   RO         5413    i.USART_ITConfig    stm32f4xx_usart.o
    0x080024d4   0x000000cc   Code   RO         5414    i.USART_Init        stm32f4xx_usart.o
    0x080025a0   0x0000000a   Code   RO         5421    i.USART_ReceiveData  stm32f4xx_usart.o
    0x080025aa   0x00000008   Code   RO         5424    i.USART_SendData    stm32f4xx_usart.o
    0x080025b2   0x00000004   Code   RO          249    i.UsageFault_Handler  stm32f4xx_it.o
    0x080025b6   0x00000002   PAD
    0x080025b8   0x00000020   Code   RO         7117    i.__0printf         mc_w.l(printfa.o)
    0x080025d8   0x00000028   Code   RO         7119    i.__0sprintf        mc_w.l(printfa.o)
    0x08002600   0x0000000e   Code   RO         7193    i.__scatterload_copy  mc_w.l(handlers.o)
    0x0800260e   0x00000002   Code   RO         7194    i.__scatterload_null  mc_w.l(handlers.o)
    0x08002610   0x0000000e   Code   RO         7195    i.__scatterload_zeroinit  mc_w.l(handlers.o)
    0x0800261e   0x00000002   PAD
    0x08002620   0x00000164   Code   RO         7124    i._fp_digits        mc_w.l(printfa.o)
    0x08002784   0x000006dc   Code   RO         7125    i._printf_core      mc_w.l(printfa.o)
    0x08002e60   0x00000024   Code   RO         7126    i._printf_post_padding  mc_w.l(printfa.o)
    0x08002e84   0x0000002e   Code   RO         7127    i._printf_pre_padding  mc_w.l(printfa.o)
    0x08002eb2   0x0000000a   Code   RO         7129    i._sputc            mc_w.l(printfa.o)
    0x08002ebc   0x00000054   Code   RO          339    i.delay_us          systick.o
    0x08002f10   0x0000002c   Code   RO          380    i.fputc             usart.o
    0x08002f3c   0x0000002c   Code   RO          498    i.iic_in            iic.o
    0x08002f68   0x0000002c   Code   RO          499    i.iic_out           iic.o
    0x08002f94   0x0000006c   Code   RO          500    i.iic_readdata      iic.o
    0x08003000   0x00000034   Code   RO          501    i.iic_sendACK       iic.o
    0x08003034   0x00000034   Code   RO          502    i.iic_sendNoACK     iic.o
    0x08003068   0x0000005c   Code   RO          503    i.iic_senddata      iic.o
    0x080030c4   0x00000040   Code   RO          504    i.iic_start         iic.o
    0x08003104   0x00000038   Code   RO          505    i.iic_stop          iic.o
    0x0800313c   0x00000048   Code   RO          506    i.iic_waitACK       iic.o
    0x08003184   0x00000084   Code   RO            7    i.main              main.o
    0x08003208   0x000000c0   Code   RO         6198    i.prvAddCurrentTaskToDelayedList  tasks.o
    0x080032c8   0x000000ec   Code   RO         6199    i.prvAddNewTaskToReadyList  tasks.o
    0x080033b4   0x00000064   Code   RO         6562    i.prvCheckForValidListAndQueue  timers.o
    0x08003418   0x00000048   Code   RO         6200    i.prvCheckTasksWaitingTermination  tasks.o
    0x08003460   0x0000002a   Code   RO         5821    i.prvCopyDataFromQueue  queue.o
    0x0800348a   0x00000012   Code   RO         6201    i.prvDeleteTCB      tasks.o
    0x0800349c   0x00000028   Code   RO         6563    i.prvGetNextExpireTime  timers.o
    0x080034c4   0x00000070   Code   RO         6733    i.prvHeapInit       heap_4.o
    0x08003534   0x00000028   Code   RO         6202    i.prvIdleTask       tasks.o
    0x0800355c   0x0000002a   Code   RO         5825    i.prvInitialiseNewQueue  queue.o
    0x08003586   0x000000cc   Code   RO         6203    i.prvInitialiseNewTask  tasks.o
    0x08003652   0x00000002   PAD
    0x08003654   0x00000068   Code   RO         6204    i.prvInitialiseTaskLists  tasks.o
    0x080036bc   0x00000068   Code   RO         6734    i.prvInsertBlockIntoFreeList  heap_4.o
    0x08003724   0x00000058   Code   RO         6565    i.prvInsertTimerInActiveList  timers.o
    0x0800377c   0x0000001a   Code   RO         5826    i.prvIsQueueEmpty   queue.o
    0x08003796   0x00000002   PAD
    0x08003798   0x00000044   Code   RO         6566    i.prvProcessExpiredTimer  timers.o
    0x080037dc   0x0000011c   Code   RO         6567    i.prvProcessReceivedCommands  timers.o
    0x080038f8   0x00000074   Code   RO         6568    i.prvProcessTimerOrBlockTask  timers.o
    0x0800396c   0x00000028   Code   RO         6569    i.prvReloadTimer    timers.o
    0x08003994   0x00000030   Code   RO         6206    i.prvResetNextTaskUnblockTime  tasks.o
    0x080039c4   0x0000002c   Code   RO         6570    i.prvSampleTimeNow  timers.o
    0x080039f0   0x00000044   Code   RO         6571    i.prvSwitchTimerLists  timers.o
    0x08003a34   0x00000040   Code   RO         6796    i.prvTaskExitError  port.o
    0x08003a74   0x0000001a   Code   RO         6572    i.prvTimerTask      timers.o
    0x08003a8e   0x0000007e   Code   RO         5828    i.prvUnlockQueue    queue.o
    0x08003b0c   0x0000012c   Code   RO         6736    i.pvPortMalloc      heap_4.o
    0x08003c38   0x0000002c   Code   RO         6797    i.pxPortInitialiseStack  port.o
    0x08003c64   0x000001cc   Code   RO          648    i.sht20_getdata     sht20.o
    0x08003e30   0x00000076   Code   RO          649    i.sht20_humdata     sht20.o
    0x08003ea6   0x00000076   Code   RO          650    i.sht20_temdata     sht20.o
    0x08003f1c   0x000000d0   Code   RO            8    i.start_task        main.o
    0x08003fec   0x00000040   Code   RO          340    i.systick_init      systick.o
    0x0800402c   0x00000078   Code   RO          341    i.systick_ms        systick.o
    0x080040a4   0x00000028   Code   RO         5781    i.uxListRemove      list.o
    0x080040cc   0x0000001a   Code   RO         5782    i.vListInitialise   list.o
    0x080040e6   0x00000006   Code   RO         5783    i.vListInitialiseItem  list.o
    0x080040ec   0x00000034   Code   RO         5784    i.vListInsert       list.o
    0x08004120   0x00000018   Code   RO         5785    i.vListInsertEnd    list.o
    0x08004138   0x00000054   Code   RO         6799    i.vPortEnterCritical  port.o
    0x0800418c   0x0000003c   Code   RO         6800    i.vPortExitCritical  port.o
    0x080041c8   0x0000008c   Code   RO         6737    i.vPortFree         heap_4.o
    0x08004254   0x00000028   Code   RO         6801    i.vPortSetupTimerInterrupt  port.o
    0x0800427c   0x00000060   Code   RO         5834    i.vQueueAddToRegistry  queue.o
    0x080042dc   0x0000004a   Code   RO         5838    i.vQueueWaitForMessageRestricted  queue.o
    0x08004326   0x00000002   PAD
    0x08004328   0x0000005c   Code   RO         6218    i.vTaskDelay        tasks.o
    0x08004384   0x000000fc   Code   RO         6219    i.vTaskDelete       tasks.o
    0x08004480   0x00000018   Code   RO         6223    i.vTaskInternalSetTimeOutState  tasks.o
    0x08004498   0x0000000c   Code   RO         6224    i.vTaskMissedYield  tasks.o
    0x080044a4   0x00000038   Code   RO         6225    i.vTaskPlaceOnEventList  tasks.o
    0x080044dc   0x00000064   Code   RO         6226    i.vTaskPlaceOnEventListRestricted  tasks.o
    0x08004540   0x0000009c   Code   RO         6234    i.vTaskStartScheduler  tasks.o
    0x080045dc   0x00000010   Code   RO         6236    i.vTaskSuspendAll   tasks.o
    0x080045ec   0x0000008c   Code   RO         6237    i.vTaskSwitchContext  tasks.o
    0x08004678   0x00000168   Code   RO         6803    i.xPortStartScheduler  port.o
    0x080047e0   0x00000066   Code   RO         5841    i.xQueueGenericCreate  queue.o
    0x08004846   0x00000002   PAD
    0x08004848   0x000000dc   Code   RO         5842    i.xQueueGenericReset  queue.o
    0x08004924   0x00000168   Code   RO         5851    i.xQueueReceive     queue.o
    0x08004a8c   0x00000090   Code   RO         6239    i.xTaskCheckForTimeOut  tasks.o
    0x08004b1c   0x00000068   Code   RO         6240    i.xTaskCreate       tasks.o
    0x08004b84   0x00000020   Code   RO         6247    i.xTaskGetSchedulerState  tasks.o
    0x08004ba4   0x0000000c   Code   RO         6248    i.xTaskGetTickCount  tasks.o
    0x08004bb0   0x000001bc   Code   RO         6250    i.xTaskIncrementTick  tasks.o
    0x08004d6c   0x00000120   Code   RO         6253    i.xTaskRemoveFromEventList  tasks.o
    0x08004e8c   0x00000178   Code   RO         6254    i.xTaskResumeAll    tasks.o
    0x08005004   0x00000058   Code   RO         6580    i.xTimerCreateTimerTask  timers.o
    0x0800505c   0x0000000b   Data   RO            9    .constdata          main.o
    0x08005067   0x00001e10   Data   RO          715    .constdata          oled.o
    0x08006e77   0x00000001   PAD
    0x08006e78   0x00000020   Data   RO         7191    Region$$Table       anon$$obj.o


    Execution Region RW_IRAM1 (Base: 0x20000000, Size: 0x00016ce8, Max: 0x00020000, ABSOLUTE, COMPRESSED[0x00000cb0])

    Base Addr    Size         Type   Attr      Idx    E Section Name        Object

    0x20000000   0x0000361d   Data   RW           10    .data               main.o
    0x2000361d   0x00000001   PAD
    0x2000361e   0x00000004   Data   RW          343    .data               systick.o
    0x20003622   0x00000002   Data   RW          382    .data               usart.o
    0x20003624   0x00000014   Data   RW          889    .data               system_stm32f4xx.o
    0x20003638   0x00000010   Data   RW         3563    .data               stm32f4xx_rcc.o
    0x20003648   0x00000040   Data   RW         6257    .data               tasks.o
    0x20003688   0x00000014   Data   RW         6588    .data               timers.o
    0x2000369c   0x0000001c   Data   RW         6743    .data               heap_4.o
    0x200036b8   0x0000000c   Data   RW         6804    .data               port.o
    0x200036c4   0x00000004   Data   RW         7169    .data               mc_w.l(stdout.o)
    0x200036c8   0x00000064   Zero   RW          381    .bss                usart.o
    0x2000372c   0x0000000c   Zero   RW          651    .bss                sht20.o
    0x20003738   0x00000480   Zero   RW          714    .bss                oled.o
    0x20003bb8   0x00000040   Zero   RW         5855    .bss                queue.o
    0x20003bf8   0x000000c8   Zero   RW         6256    .bss                tasks.o
    0x20003cc0   0x00000028   Zero   RW         6587    .bss                timers.o
    0x20003ce8   0x00012c00   Zero   RW         6742    .bss                heap_4.o
    0x200168e8   0x00000400   Zero   RW         5651    STACK               startup_stm32f40_41xxx.o


==============================================================================

Image component sizes


      Code (inc. data)   RO Data    RW Data    ZI Data      Debug   Object Name

        64          4          0          0          0        524   beep.o
         0          0          0          0          0      13084   event_groups.o
       656         58          0         28      76800       5003   heap_4.o
       636         46          0          0          0       5351   iic.o
        68          4          0          0          0        533   key.o
        64          6          0          0          0        515   led.o
       148          0          0          0          0       3154   list.o
      1548        562         11      13853          0     303271   main.o
       140         24          0          0          0       1687   misc.o
      1890         74       7696          0       1152      13555   oled.o
       212         74          0          0          0       1059   pd333.o
       894         78          0         12          0      10540   port.o
      1088         16          0          0         64      11863   queue.o
       572         14          0          0          0       3386   sg90.o
       704        106          0          0         12       3372   sht20.o
        36          8        392          0       1024        920   startup_stm32f40_41xxx.o
       248          0          0          0          0       4381   stm32f4xx_gpio.o
       308         42          0          0          0       3905   stm32f4xx_it.o
       328         36          0         16          0       4855   stm32f4xx_rcc.o
       852         66          0          0          0      10616   stm32f4xx_tim.o
       478          8          0          0          0       7085   stm32f4xx_usart.o
       340         32          0         20          0       2109   system_stm32f4xx.o
       268         24          0          4          0       2011   systick.o
      3162        386          0         64        200      27160   tasks.o
       962        110          0         20         40      25044   timers.o
       416         28          0          2        100       1902   usart.o

    ----------------------------------------------------------------------
     16110       1806       8132      14020      79392     466885   Object Totals
         0          0         32          0          0          0   (incl. Generated)
        28          0          1          1          0          0   (incl. Padding)

    ----------------------------------------------------------------------

      Code (inc. data)   RO Data    RW Data    ZI Data      Debug   Library Member Name

        94          0          0          0          0          0   __dclz77c.o
         0          0          0          0          0          0   entry.o
         0          0          0          0          0          0   entry10a.o
         0          0          0          0          0          0   entry11a.o
         8          4          0          0          0          0   entry2.o
         4          0          0          0          0          0   entry5.o
         0          0          0          0          0          0   entry7b.o
         0          0          0          0          0          0   entry8b.o
         8          4          0          0          0          0   entry9a.o
        30          0          0          0          0          0   handlers.o
        36          8          0          0          0         68   init.o
         0          0          0          0          0          0   iusefp.o
        30          0          0          0          0         68   llshl.o
        36          0          0          0          0         68   llsshr.o
        32          0          0          0          0         68   llushr.o
        36          0          0          0          0         68   memcpya.o
        36          0          0          0          0        108   memseta.o
      2276         96          0          0          0        596   printfa.o
         0          0          0          4          0          0   stdout.o
        28          0          0          0          0         76   strcmp.o
        44          0          0          0          0         80   uidiv.o
        98          0          0          0          0         92   uldiv.o
        48          0          0          0          0         68   cdrcmple.o
        56          0          0          0          0         88   d2f.o
       334          0          0          0          0        148   dadd.o
       222          0          0          0          0        100   ddiv.o
       186          0          0          0          0        176   depilogue.o
        48          0          0          0          0         68   dfixul.o
       228          0          0          0          0         96   dmul.o
        38          0          0          0          0         68   f2d.o
       110          0          0          0          0        168   fepilogue.o

    ----------------------------------------------------------------------
      4070        112          0          4          0       2272   Library Totals
         4          0          0          0          0          0   (incl. Padding)

    ----------------------------------------------------------------------

      Code (inc. data)   RO Data    RW Data    ZI Data      Debug   Library Name

      2796        112          0          4          0       1292   mc_w.l
      1270          0          0          0          0        980   mf_w.l

    ----------------------------------------------------------------------
      4070        112          0          4          0       2272   Library Totals

    ----------------------------------------------------------------------

==============================================================================


      Code (inc. data)   RO Data    RW Data    ZI Data      Debug   

     20180       1918       8132      14024      79392     452897   Grand Totals
     20180       1918       8132       3248      79392     452897   ELF Image Totals (compressed)
     20180       1918       8132       3248          0          0   ROM Totals

==============================================================================

    Total RO  Size (Code + RO Data)                28312 (  27.65kB)
    Total RW  Size (RW Data + ZI Data)             93416 (  91.23kB)
    Total ROM Size (Code + RO Data + RW Data)      31560 (  30.82kB)

==============================================================================

