<html>
<body>
<pre>
<h1>µVision Build Log</h1>
<h2>Tool Versions:</h2>
IDE-Version: ¦ÌVision V5.14.0.0
Copyright (C) 2015 ARM Ltd and ARM Germany GmbH. All rights reserved.
License Information: 1 zjy, 1, LIC=LSNXV-P8JSZ-01QP1-CE9J5-CLL29-T7CGE
 
Tool Versions:
Toolchain:       MDK-ARM Standard  Version: 5.14.0.0
Toolchain Path:  D:\Keil_v5\ARM\ARMCC\Bin
C Compiler:      Armcc.exe V5.05 update 1 (build 106)
Assembler:       Armasm.exe V5.05 update 1 (build 106)
Linker/Locator:  ArmLink.exe V5.05 update 1 (build 106)
Library Manager: ArmAr.exe V5.05 update 1 (build 106)
Hex Converter:   FromElf.exe V5.05 update 1 (build 106)
CPU DLL:         SARMCM3.DLL V5.14.0.0
Dialog DLL:      DCM.DLL V1.13.1.0
Target DLL:      STLink\ST-LINKIII-KEIL_SWO.dll V2.0.14.0_KEIL
Dialog DLL:      TCM.DLL V1.14.4.0
 
<h2>Project:</h2>
D:\keil5_project\my_project\project\my_project.uvprojx
Project File Date:  08/31/2025

<h2>Output:</h2>
Build target 'Target 1'
compiling main.c...
compiling sht20.c...
..\drivers\dev_sht20\sht20.c(93): warning:  #1035-D: single-precision operand implicitly converted to double-precision
      tem_hum_data.tem = -46.85 + 175.72 * (float)tem_temp / 65536;  // ÎÂ¶È¹«Ê½
..\drivers\dev_sht20\sht20.c: 1 warning, 0 errors
linking...
Program Size: Code=12600 RO-data=8120 RW-data=8736 ZI-data=2288  
".\Objects\my_project.axf" - 0 Error(s), 1 Warning(s).

<h2>Collection of Component include folders:</h2>
  D:\keil5_project\my_project\project\RTE
  D:\Keil_v5\ARM\PACK\Keil\STM32F4xx_DFP\2.7.0

<h2>Collection of Component Files used:</h2>
</pre>
</body>
</html>
